Archive member included       because of file (symbol)

/usr/local/openravenscar/lib/gcc-lib/sparc-ork-elf/2.8.1/adalib/libgnarl.a(a-reatim.o)
                              ./devices.o (ada__real_time__clock)
/usr/local/openravenscar/lib/gcc-lib/sparc-ork-elf/2.8.1/adalib/libgnarl.a(a-retide.o)
                              ./pulse_interrupt.o (ada__real_time__delays__delay_until)
/usr/local/openravenscar/lib/gcc-lib/sparc-ork-elf/2.8.1/adalib/libgnarl.a(s-interr.o)
                              b~main.o (system__interrupts___elabs)
/usr/local/openravenscar/lib/gcc-lib/sparc-ork-elf/2.8.1/adalib/libgnarl.a(s-osinte.o)
                              /usr/local/openravenscar/lib/gcc-lib/sparc-ork-elf/2.8.1/adalib/libgnarl.a(s-interr.o) (system__os_interface__attach_handler)
/usr/local/openravenscar/lib/gcc-lib/sparc-ork-elf/2.8.1/adalib/libgnarl.a(s-taprob.o)
                              ./devices.o (system__tasking__protected_objects__initialize_protection)
/usr/local/openravenscar/lib/gcc-lib/sparc-ork-elf/2.8.1/adalib/libgnarl.a(s-taprop.o)
                              /usr/local/openravenscar/lib/gcc-lib/sparc-ork-elf/2.8.1/adalib/libgnarl.a(a-retide.o) (system__task_primitives__operations__self)
/usr/local/openravenscar/lib/gcc-lib/sparc-ork-elf/2.8.1/adalib/libgnarl.a(s-tarest.o)
                              ./pulse_interrupt.o (system__tasking__restricted__stages__create_restricted_task)
/usr/local/openravenscar/lib/gcc-lib/sparc-ork-elf/2.8.1/adalib/libgnarl.a(s-tasdeb.o)
                              b~main.o (system__tasking__debug___elabs)
/usr/local/openravenscar/lib/gcc-lib/sparc-ork-elf/2.8.1/adalib/libgnarl.a(s-taskin.o)
                              /usr/local/openravenscar/lib/gcc-lib/sparc-ork-elf/2.8.1/adalib/libgnarl.a(s-tasdeb.o) (system__tasking__task_statesT)
/usr/local/openravenscar/lib/gcc-lib/sparc-ork-elf/2.8.1/adalib/libgnarl.a(s-taspri.o)
                              /usr/local/openravenscar/lib/gcc-lib/sparc-ork-elf/2.8.1/adalib/libgnarl.a(s-taskin.o) (system__task_primitives___init_proc)
/usr/local/openravenscar/lib/gcc-lib/sparc-ork-elf/2.8.1/adalib/libgnarl.a(s-tposen.o)
                              /usr/local/openravenscar/lib/gcc-lib/sparc-ork-elf/2.8.1/adalib/libgnarl.a(s-interr.o) (system__tasking__protected_objects__single_entry__protection_entryP)
/usr/local/openravenscar/lib/gcc-lib/sparc-ork-elf/2.8.1/adalib/libgnarl.a(kernel-interrupts.o)
                              /usr/local/openravenscar/lib/gcc-lib/sparc-ork-elf/2.8.1/adalib/libgnarl.a(s-osinte.o) (kernel_attach_interrupt_handler)
/usr/local/openravenscar/lib/gcc-lib/sparc-ork-elf/2.8.1/adalib/libgnarl.a(kernel-threads.o)
                              b~main.o (kernel__threads___elabs)
/usr/local/openravenscar/lib/gcc-lib/sparc-ork-elf/2.8.1/adalib/libgnarl.a(kernel-threads-atcb.o)
                              /usr/local/openravenscar/lib/gcc-lib/sparc-ork-elf/2.8.1/adalib/libgnarl.a(s-taprop.o) (kernel__threads__atcb__set_atcb)
/usr/local/openravenscar/lib/gcc-lib/sparc-ork-elf/2.8.1/adalib/libgnarl.a(kernel-threads-queues.o)
                              /usr/local/openravenscar/lib/gcc-lib/sparc-ork-elf/2.8.1/adalib/libgnarl.a(s-taprop.o) (running_thread)
/usr/local/openravenscar/lib/gcc-lib/sparc-ork-elf/2.8.1/adalib/libgnarl.a(kernel-threads-protection.o)
                              /usr/local/openravenscar/lib/gcc-lib/sparc-ork-elf/2.8.1/adalib/libgnarl.a(kernel-threads.o) (kernel__threads__protection__dispatch)
/usr/local/openravenscar/lib/gcc-lib/sparc-ork-elf/2.8.1/adalib/libgnarl.a(kernel-time.o)
                              /usr/local/openravenscar/lib/gcc-lib/sparc-ork-elf/2.8.1/adalib/libgnarl.a(s-taprop.o) (kernel_clock)
/usr/local/openravenscar/lib/gcc-lib/sparc-ork-elf/2.8.1/adalib/libgnarl.a(kernel-memory.o)
                              /usr/local/openravenscar/sparc-ork-elf/lib/ada_crt0.o (environment_stack)
/usr/local/openravenscar/lib/gcc-lib/sparc-ork-elf/2.8.1/adalib/libgnarl.a(kernel-cpu_primitives.o)
                              /usr/local/openravenscar/lib/gcc-lib/sparc-ork-elf/2.8.1/adalib/libgnarl.a(kernel-threads-protection.o) (kernel__cpu_primitives__context_switch)
/usr/local/openravenscar/lib/gcc-lib/sparc-ork-elf/2.8.1/adalib/libgnarl.a(kernel-peripherals-registers.o)
                              ./force_external_interrupt_2.o (kernel__peripherals__registers__test_control)
/usr/local/openravenscar/lib/gcc-lib/sparc-ork-elf/2.8.1/adalib/libgnarl.a(kernel-peripherals.o)
                              /usr/local/openravenscar/lib/gcc-lib/sparc-ork-elf/2.8.1/adalib/libgnarl.a(kernel-interrupts.o) (kernel__peripherals__to_vector)
/usr/local/openravenscar/lib/gcc-lib/sparc-ork-elf/2.8.1/adalib/libgnarl.a(kernel-serial_output.o)
                              ./devices.o (kernel__serial_output__put__2)
/usr/local/openravenscar/lib/gcc-lib/sparc-ork-elf/2.8.1/adalib/libgnarl.a(context.o)
[...]
Memory Configuration

Name             Origin             Length             Attributes
rom              0x00000000         0x00200000         xr
ram              0x02000000         0x003f8000         xrw
*default*        0x00000000         0xffffffff

Linker script and memory map

                0x00200000                PROM_SIZE=0x200000
                0x00400000                RAM_SIZE=0x400000
                0x00000000                PROM_START=0x0
                0x00200000                PROM_END=(PROM_START+PROM_SIZE)
                0x02000000                RAM_START=0x2000000
                0x02400000                RAM_END=(RAM_START+RAM_SIZE)

.text           0x02000000    0x31f40
 CREATE_OBJECT_SYMBOLS
                0x02000000                text_start=.
 *(.text)
 .text          0x02000000     0x1384 /usr/local/openravenscar/sparc-ork-elf/lib/ada_crt0.o
                0x020011bc                __exit
                0x02000000                trap_table
                0x02000000                start
                0x020011bc                _exit
 .text          0x02001384      0x26c b~main.o
                0x020015d8                ada_main___elabb
                0x02001384                adainit
                0x02001558                main
                0x0200153c                adafinal
 .text          0x020015f0       0x1c ./main.o
                0x020015f0                _ada_main
 .text          0x0200160c       0x98 ./force_external_interrupt_2.o
                0x0200160c                _ada_force_external_interrupt_2
 .text          0x020016a4      0x57c ./pulse_interrupt.o
                0x02001bec                pulse_interrupt___elabb
                0x02001720                pulse_interrupt___elabs
                0x020016a4                pulse_interrupt___init_proc
                0x02001974                pulse_interrupt__interruptTKB
 .text          0x02001c20     0x1dcc ./devices.o
                0x02002ed8                devices__display_electrodes_sample
                0x02001c80                devices__reading_sensors
                0x02001c20                devices___init_proc
                0x02003650                devices(bool,...)(...)( *)
                0x02002290                devices__reading_eyesimage
                0x0200393c                devices___elabb
                0x020031f0                devices__display_cronometro
                0x02003568                devices__light
                0x020038e0                devices__activate_automatic_driving
                0x02002230                devices___init_proc__2
                0x02002fc4                devices__display_eyes_sample
                0x02002df4                devices__display_pulse_rate
 .text          0x020039ec      0x9a8 ./workload.o
                0x020039ec                workload___elabs
                0x02003dec                workload__small_whetstone
                0x0200437c                workload___elabb
 .text          0x02004394      0x848 ./tools.o
                0x02004bac                tools___elabb
                0x02004b38                tools__execution_time
                0x02004a88                tools__finishing_notice
                0x020049d8                tools__starting_notice
                0x02004394                tools___elabs
                0x02004680                tools__print_an_integer
                0x02004838                tools__print_a_float
                0x020043e0                tools__current_time
 .text          0x02004bdc     0x3184 ./add.o
                0x02004ecc                add___init_proc__8
                0x02004c78                add___init_proc__3
                0x02004bdc                add___init_proc
                0x02004d58                add___init_proc__5
                0x02007634                add__background
                0x02004cc0                add___init_proc__4
                0x02004e50                add___init_proc__7
                0x02004f48                add___init_proc__9
                0x02007670                add___elabb
                0x02004c1c                add___init_proc__2
                0x02004dd4                add___init_proc__6
 .text          0x02007d60      0x5e4 /usr/local/openravenscar/lib/gcc-lib/sparc-ork-elf/2.8.1/adalib/libgnarl.a(a-reatim.o)
                0x02007d8c                ada__real_time__Oadd__2
                0x02007f60                ada__real_time__split
                0x02007d7c                ada__real_time__Oadd
                0x02007ddc                ada__real_time__Osubtract__4
                0x02007ee0                ada__real_time__nanoseconds
                0x02007e4c                ada__real_time__Odivide__2
                0x02007e08                ada__real_time__Odivide
                0x02007dbc                ada__real_time__Osubtract__2
                0x02007ed0                ada__real_time__to_duration
                0x02008278                ada__real_time__time_of
                0x02007d9c                ada__real_time__Oadd__3
                0x02007f30                ada__real_time__milliseconds
                0x02007d60                ada__real_time__clock
                0x02007f04                ada__real_time__microseconds
                0x02007dac                ada__real_time__Osubtract
                0x02007dcc                ada__real_time__Osubtract__3
                0x02007ed8                ada__real_time__to_time_span
                0x02007ea4                ada__real_time__Omultiply__2
                0x02007e78                ada__real_time__Omultiply
 .text          0x02008344       0x68 /usr/local/openravenscar/lib/gcc-lib/sparc-ork-elf/2.8.1/adalib/libgnarl.a(a-retide.o)
                0x02008388                ada__real_time__delays__to_duration
                0x02008344                ada__real_time__delays__delay_until
 .text          0x020083ac      0xcc4 /usr/local/openravenscar/lib/gcc-lib/sparc-ork-elf/2.8.1/adalib/libgnarl.a(s-interr.o)
                0x02008668                system__interrupts__is_reserved
                0x020083d0                system__interrupts___elabs
                0x02008e00                system__interrupts__install_handlers
                0x020084bc                system__interrupts__ada_interrupt_wrapper
                0x020086e0                system__interrupts__current_handler__3
                0x02008f7c                system__interrupts___init_proc__4
                0x02008f88                system__interrupts___init_proc__5
                0x02008f28                system__interrupts___init_proc__2
                0x02008d98                system__interrupts__reference
                0x020085a0                system__interrupts__register_interrupt_handler
                0x02009058                system__interrupts___init_proc__7
                0x02008f20                system__interrupts___init_proc
                0x02008bbc                system__interrupts__detach_handler__3
                0x02008964                system__interrupts__exchange_handler
                0x0200875c                system__interrupts__attach_handler__3
                0x0200867c                system__interrupts__is_handler_attached
                0x020085f4                system__interrupts__is_registered
                0x02009064                system__interrupts___init_proc__8
                0x02008dc8                system__interrupts__finalize
                0x02008eb8                system__interrupts___elabb
                0x020083ac                system__interrupts___size
                0x02008f34                system__interrupts___init_proc__3
                0x02008df8                system__interrupts__has_interrupt_or_attach_handler
                0x02008fd8                system__interrupts___init_proc__6
 .text          0x02009070       0x54 /usr/local/openravenscar/lib/gcc-lib/sparc-ork-elf/2.8.1/adalib/libgnarl.a(s-osinte.o)
                0x0200909c                system__os_interface__detach_handler
                0x02009070                system__os_interface__priority_of_interrupt
                0x02009084                system__os_interface__attach_handler
                0x020090b0                system__os_interface__current_handler
 .text          0x020090c4      0x10c /usr/local/openravenscar/lib/gcc-lib/sparc-ork-elf/2.8.1/adalib/libgnarl.a(s-taprob.o)
                0x020091b0                system__tasking__protected_objects___init_proc
                0x02009180                system__tasking__protected_objects__unlock
                0x020090f0                system__tasking__protected_objects__lock
                0x020091bc                system__tasking__protected_objects___init_proc__2
                0x020090c4                system__tasking__protected_objects__initialize_protection
                0x02009138                system__tasking__protected_objects__lock_read_only
                0x02009198                system__tasking__protected_objects__finalize_protection
 .text          0x020091d0      0x978 /usr/local/openravenscar/lib/gcc-lib/sparc-ork-elf/2.8.1/adalib/libgnarl.a(s-taprop.o)
                0x02009450                system__task_primitives__operations__get_priority
                0x020092c8                system__task_primitives__operations__unlock__2
                0x02009628                system__task_primitives__operations__check_no_locks
                0x0200924c                system__task_primitives__operations__write_lock
                0x02009688                system__task_primitives__operations__resume_task
                0x02009708                system__task_primitives__operations___elabb
                0x02009394                system__task_primitives__operations__clock
                0x02009268                system__task_primitives__operations__write_lock__2
                0x02009208                system__task_primitives__operations__get_thread_id
                0x0200931c                system__task_primitives__operations__timed_delay
                0x02009430                system__task_primitives__operations__set_priority
                0x020092f8                system__task_primitives__operations__timed_sleep
                0x020091ec                system__task_primitives__operations__self
                0x020092e0                system__task_primitives__operations__sleep
                0x0200960c                system__task_primitives__operations__set_exit_task_procedure
                0x020092b4                system__task_primitives__operations__unlock
                0x02009640                system__task_primitives__operations__environment_task
                0x02009214                system__task_primitives__operations__initialize_lock
                0x0200993c                system__task_primitives__operations___init_proc
                0x020095f0                system__task_primitives__operations__exit_task
                0x020093b8                system__task_primitives__operations__wakeup
                0x020091d0                system__task_primitives__operations__set
                0x02009618                system__task_primitives__operations__abort_task
                0x0200964c                system__task_primitives__operations__lock_all_tasks_list
                0x02009280                system__task_primitives__operations__write_lock__3
                0x020095e0                system__task_primitives__operations__finalize_tcb
                0x020094cc                system__task_primitives__operations__new_atcb
                0x02009680                system__task_primitives__operations__suspend_task
                0x020093cc                system__task_primitives__operations__yield
                0x02009668                system__task_primitives__operations__unlock_all_tasks_list
                0x02009690                system__task_primitives__operations__initialize
                0x02009620                system__task_primitives__operations__check_exit
                0x02009544                system__task_primitives__operations__initialize_tcb
                0x02009200                system__task_primitives__operations__stack_guard
                0x02009244                system__task_primitives__operations__finalize_lock
                0x020095e8                system__task_primitives__operations__default_exit_task_procedure
                0x02009580                system__task_primitives__operations__create_task
                0x0200922c                system__task_primitives__operations__initialize_lock__2
                0x02009298                system__task_primitives__operations__read_lock
                0x02009468                system__task_primitives__operations__enter_task
 .text          0x02009b48      0x924 /usr/local/openravenscar/lib/gcc-lib/sparc-ork-elf/2.8.1/adalib/libgnarl.a(s-tarest.o)
                0x02009dbc                system__tasking__restricted__stages__create_restricted_task
                0x0200a2bc                system__tasking__restricted__stages__restricted_terminated
                0x02009fcc                system__tasking__restricted__stages__activate_restricted_tasks
                0x0200a18c                system__tasking__restricted__stages__complete_restricted_activation
                0x0200a2d0                system__tasking__restricted__stages__finalize_global_tasks
                0x0200a324                system__tasking__restricted__stages___elabb
                0x0200a25c                system__tasking__restricted__stages__complete_restricted_task
 .text          0x0200a46c      0xf44 /usr/local/openravenscar/lib/gcc-lib/sparc-ork-elf/2.8.1/adalib/libgnarl.a(s-tasdeb.o)
                0x0200b0e4                system__tasking__debug__image
                0x0200b388                system__tasking__debug___init_proc__2
                0x0200adc0                system__tasking__debug__print_current_task
                0x0200b034                system__tasking__debug__trace__2
                0x0200a46c                system__tasking__debug___elabs
                0x0200addc                system__tasking__debug__list_tasks
                0x0200b28c                system__tasking__debug__resume_all_tasks
                0x0200a4e4                system__tasking__debug__set_user_state
                0x0200ac0c                system__tasking__debug__print_task_info_header
                0x0200b348                system__tasking__debug___init_proc
                0x0200a4d0                system__tasking__debug__self
                0x0200b2c4                system__tasking__debug___elabb
                0x0200ae1c                system__tasking__debug__print_accept_info
                0x0200b0d0                system__tasking__debug__set_trace
                0x0200aee0                system__tasking__debug__trace
                0x0200b068                system__tasking__debug__trace__3
                0x0200b09c                system__tasking__debug__trace__4
                0x0200a7cc                system__tasking__debug__print_task_info
                0x0200a4c8                system__tasking__debug__task_termination_hook
                0x0200a4c0                system__tasking__debug__task_creation_hook
                0x0200b254                system__tasking__debug__suspend_all_tasks
 .text          0x0200b3b0      0x75c /usr/local/openravenscar/lib/gcc-lib/sparc-ork-elf/2.8.1/adalib/libgnarl.a(s-taskin.o)
                0x0200b7c4                system__tasking___init_proc__3
                0x0200ba6c                system__tasking___init_proc__8
                0x0200ba2c                system__tasking___init_proc__7
                0x0200b3b0                system__tasking__self
                0x0200b78c                system__tasking___init_proc__2
                0x0200b4ec                system__tasking___elabb
                0x0200b840                system__tasking___init_proc__4
                0x0200ba78                system__tasking___init_proc__9
                0x0200b738                system__tasking___init_proc
                0x0200b894                system__tasking___init_proc__6
                0x0200b3c4                system__tasking__initialize_atcb
                0x0200b84c                system__tasking___init_proc__5
 .text          0x0200bb0c       0x14 /usr/local/openravenscar/lib/gcc-lib/sparc-ork-elf/2.8.1/adalib/libgnarl.a(s-taspri.o)
                0x0200bb0c                system__task_primitives___init_proc
 .text          0x0200bb20      0x8cc /usr/local/openravenscar/lib/gcc-lib/sparc-ork-elf/2.8.1/adalib/libgnarl.a(s-tposen.o)
                0x0200bd60                system__tasking__protected_objects__single_entry__check_exception
                0x0200bb40                system__tasking__protected_objects__single_entry___elabs
                0x0200bb20                system__tasking__protected_objects__single_entry___size
                0x0200be68                system__tasking__protected_objects__single_entry__po_do_or_queue
                0x0200c294                system__tasking__protected_objects__single_entry__timed_protected_single_entry_call
                0x0200bb38                system__tasking__protected_objects__single_entry___deep_finalize
                0x0200bcc8                system__tasking__protected_objects__single_entry__wait_for_completion
                0x0200bd84                system__tasking__protected_objects__single_entry__initialize_protection_entry
                0x0200be08                system__tasking__protected_objects__single_entry__lock_read_only_entry
                0x0200c390                system__tasking__protected_objects__single_entry__protected_count_entry
                0x0200c37c                system__tasking__protected_objects__single_entry__complete_single_entry_body
                0x0200bff8                system__tasking__protected_objects__single_entry__service_entry
                0x0200c3a8                system__tasking__protected_objects__single_entry__protected_single_entry_caller
                0x0200bdc0                system__tasking__protected_objects__single_entry__lock_entry
                0x0200be50                system__tasking__protected_objects__single_entry__unlock_entry
                0x0200c184                system__tasking__protected_objects__single_entry__protected_single_entry_call
                0x0200bc70                system__tasking__protected_objects__single_entry__send_program_error
                0x0200bcac                system__tasking__protected_objects__single_entry__wakeup_entry_caller
                0x0200c014                system__tasking__protected_objects__single_entry__po_service_entry
                0x0200c384                system__tasking__protected_objects__single_entry__exceptional_complete_single_entry_body
                0x0200bcf0                system__tasking__protected_objects__single_entry__wait_for_completion_with_timeout
                0x0200c3bc                system__tasking__protected_objects__single_entry___init_proc
 .text          0x0200c3ec      0x1f0 /usr/local/openravenscar/lib/gcc-lib/sparc-ork-elf/2.8.1/adalib/libgnarl.a(kernel-interrupts.o)
                0x0200c4b4                kernel_detach_interrupt_handler
                0x0200c4fc                kernel__interrupts___elabb
                0x0200c3ec                kernel__interrupts__null_handler
                0x0200c3f4                kernel__interrupts__wrapper
                0x0200c4dc                kernel_current_interrupt_handler
                0x0200c454                kernel_attach_interrupt_handler
                0x0200c580                kernel__interrupts___init_proc__2
                0x0200c568                kernel__interrupts___init_proc
 .text          0x0200c5dc      0x5dc /usr/local/openravenscar/lib/gcc-lib/sparc-ork-elf/2.8.1/adalib/libgnarl.a(kernel-threads.o)
                0x0200c5dc                kernel__threads___elabs
                0x0200cb7c                kernel__threads___init_proc__3
                0x0200c84c                kernel_yield
                0x0200c94c                kernel_check_no_mutexes
                0x0200c95c                kernel_condition_init
                0x0200c7ac                kernel__threads__set_active_priority
                0x0200c760                kernel_set_priority
                0x0200ca20                kernel_condition_signal
                0x0200ca80                kernel_thread_create
                0x0200c668                kernel__threads__default_dummy_task_function
                0x0200cb48                kernel_thread_self
                0x0200c618                kernel__threads__thread_caller
                0x0200c964                kernel_condition_wait
                0x0200c678                kernel_initialize
                0x0200c8ec                kernel_mutex_unlock
                0x0200c894                kernel_mutex_lock
                0x0200c888                kernel_mutex_init
                0x0200cb58                kernel__threads___elabb
                0x0200cb68                kernel__threads___init_proc
                0x0200cb74                kernel__threads___init_proc__2
                0x0200c830                kernel_get_priority
 .text          0x0200cbb8       0x28 /usr/local/openravenscar/lib/gcc-lib/sparc-ork-elf/2.8.1/adalib/libgnarl.a(kernel-threads-atcb.o)
                0x0200cbd0                kernel__threads__atcb___elabb
                0x0200cbc0                kernel__threads__atcb__thread_self_atcb
                0x0200cbb8                kernel__threads__atcb__set_atcb
 .text          0x0200cbe0      0x478 /usr/local/openravenscar/lib/gcc-lib/sparc-ork-elf/2.8.1/adalib/libgnarl.a(kernel-threads-queues.o)
                0x0200cdf8                kernel__threads__queues__insert_alarm
                0x0200cc9c                kernel__threads__queues__insert_at_tail
                0x0200cbf8                kernel__threads__queues__insert_at_head
                0x0200cec4                kernel__threads__queues__extract_first_alarm
                0x0200cdac                kernel__threads__queues__get_new_thread_descriptor
                0x0200cfc8                kernel__threads__queues___init_proc
                0x0200cd40                kernel__threads__queues__extract_from_ready
                0x0200cef0                kernel__threads__queues__get_next_alarm_time
                0x0200cf24                kernel__threads__queues___elabb
                0x0200cd88                kernel__threads__queues__next_running
                0x0200cbec                kernel__threads__queues__environment_thread_id
                0x0200cbe0                kernel__threads__queues__dummy_thread_id
 .text          0x0200d058      0x108 /usr/local/openravenscar/lib/gcc-lib/sparc-ork-elf/2.8.1/adalib/libgnarl.a(kernel-threads-protection.o)
                0x0200d07c                kernel__threads__protection__leave_kernel
                0x0200d058                kernel__threads__protection__dispatch
                0x0200d150                kernel__threads__protection___elabb
                0x0200d068                kernel__threads__protection__enter_kernel
 .text          0x0200d160      0x3c4 /usr/local/openravenscar/lib/gcc-lib/sparc-ork-elf/2.8.1/adalib/libgnarl.a(kernel-time.o)
                0x0200d218                kernel_delay_until
                0x0200d160                kernel_clock
                0x0200d4e4                kernel__time___elabb
 .text          0x0200d524       0x9c /usr/local/openravenscar/lib/gcc-lib/sparc-ork-elf/2.8.1/adalib/libgnarl.a(kernel-memory.o)
                0x0200d580                kernel__memory___elabb
                0x0200d52c                kernel_new_stack
                0x0200d524                kernel_new_memory_region
 .text          0x0200d5c0       0x88 /usr/local/openravenscar/lib/gcc-lib/sparc-ork-elf/2.8.1/adalib/libgnarl.a(kernel-cpu_primitives.o)
                0x0200d5c0                kernel__cpu_primitives__context_switch
                0x0200d5cc                kernel__cpu_primitives__initialize_context
                0x0200d638                kernel__cpu_primitives___elabb
 .text          0x0200d648       0x44 /usr/local/openravenscar/lib/gcc-lib/sparc-ork-elf/2.8.1/adalib/libgnarl.a(kernel-peripherals-registers.o)
                0x0200d648                kernel__peripherals__registers___elabs
 .text          0x0200d68c      0x6ac /usr/local/openravenscar/lib/gcc-lib/sparc-ork-elf/2.8.1/adalib/libgnarl.a(kernel-peripherals.o)
                0x0200d69c                kernel__peripherals__stop_watch_dog
                0x0200d68c                kernel__peripherals__to_vector
                0x0200d6b8                kernel__peripherals__init_clock
                0x0200dc84                kernel__peripherals___elabb
                0x0200d79c                kernel__peripherals__cancel_and_set_alarm
                0x0200d778                kernel__peripherals__init_board
                0x0200d7b0                kernel__peripherals__set_alarm
                0x0200d924                kernel__peripherals__read_clock
                0x0200d994                kernel__peripherals__clear_alarm_interrupt
                0x0200dbc4                kernel__peripherals__uart_send
                0x0200d99c                kernel__peripherals__clear_clock_interrupt
                0x0200dad8                kernel__peripherals__init_uart
                0x0200d6b0                kernel__peripherals__memory_configuration
                0x0200d9a4                kernel__peripherals__protect_segment
                0x0200d694                kernel__peripherals__priority_of_interrupt
 .text          0x0200dd38       0xe4 /usr/local/openravenscar/lib/gcc-lib/sparc-ork-elf/2.8.1/adalib/libgnarl.a(kernel-serial_output.o)
                0x0200dd90                kernel_new_line
                0x0200dda4                kernel_put_line_c
                0x0200dd50                kernel__serial_output__put__2
                0x0200dd38                kernel_put_c
                0x0200ddc0                kernel__serial_output__put_line__2
                0x0200ddf0                kernel__serial_output___elabb
 .text          0x0200de1c      0x2dc /usr/local/openravenscar/lib/gcc-lib/sparc-ork-elf/2.8.1/adalib/libgnarl.a(context.o)
                0x0200e0f0                exit_from_context_switch
                0x0200de1c                context_switch
                0x0200de28                context_trap
 .text          0x0200e0f8      0x60c /usr/local/openravenscar/lib/gcc-lib/sparc-ork-elf/2.8.1/adalib/libgnarl.a(install_handler.o)
                0x0200e1b0                set_next_running
                0x0200e0f8                enable_traps
                0x0200e15c                install_trap_handler
                0x0200e10c                install_int_handler
 .text          0x0200e704       0x34 /usr/local/openravenscar/lib/gcc-lib/sparc-ork-elf/2.8.1/adalib/libgnarl.a(int_level.o)
                0x0200e704                disable_interrupts
                0x0200e71c                enable_interrupts
 .text          0x0200e738     0x25c0 /usr/local/openravenscar/lib/gcc-lib/sparc-ork-elf/2.8.1/adalib/libgnat.a(a-except.o)
                0x0200ffa0                ada__exceptions__sdp_table_sort_move
                0x02010100                ada__exceptions__string_to_eid
                0x0200f7bc                __gnat_raise_nodefer_with_msg
                0x0200e968                ada__exceptions__current_target_exception
                0x0200f934                ada__exceptions__raise_from_signal_handler
                0x0200e7b8                ada__exceptions__address_image
                0x0200fbb8                ada__exceptions__save_occurrence
                0x0201079c                __gnat_notify_exception
                0x0200f47c                ada__exceptions__propagate_exception
                0x0200f2f0                ada__exceptions__exception_name_simple
                0x0200fb0c                __gnat_reraise
                0x0200f89c                __gnat_raise_exception
                0x0200e738                ada__exceptions___elabs
                0x0200e8c0                __gnat_break_start
                0x0200e8ac                ada__exceptions__allocate_machine_state
                0x0200e98c                ada__exceptions__deallocate_machine_state
                0x0200ec40                ada__exceptions__exception_information
                0x0200fa6c                __gnat_raise_storage_error
                0x0200e9fc                ada__exceptions__eo_to_string
                0x0200ff04                ada__exceptions__sdp_table_sort_lt
                0x02010c10                ada__exceptions__raise_exception_no_defer
                0x0200f1fc                ada__exceptions__exception_name__2
                0x02010cb8                ada__exceptions__zzz
                0x0200e7a8                ada__exceptions__poll
                0x0200fa8c                ada__exceptions__raise_with_c_msg
                0x02010830                ada__exceptions__unhandled_exception_terminate
                0x0200e9a0                ada__exceptions__eid_to_string
                0x0200fc4c                ada__exceptions__save_occurrence__2
                0x0200f9f8                ada__exceptions__raise_with_location
                0x0200f9d0                ada__exceptions__raise_no_msg
                0x0200f138                ada__exceptions__exception_message
                0x0200ffd0                ada__exceptions__set_exception_c_msg
                0x02010228                ada__exceptions__string_to_eo
                0x0200fa2c                __gnat_raise_constraint_error
                0x0200fb44                ada__exceptions__reraise_occurrence
                0x02010cc0                ada__exceptions___elabb
                0x02010ce8                ada__exceptions___init_proc
                0x0200f2c0                ada__exceptions__exception_name
                0x0200e7b0                ada__exceptions__aaa
                0x0200fb8c                ada__exceptions__reraise_occurrence_no_defer
                0x0200ea5c                ada__exceptions__exception_identity
                0x0200fc78                __gnat_SDP_Table_Build
                0x02010794                __gnat_unhandled_exception
                0x0200e8c8                ada__exceptions__call_chain
                0x0200fac0                __gnat_raise_with_msg
                0x0200fa4c                __gnat_raise_program_error
 .text          0x02010cf8      0x2ec /usr/local/openravenscar/lib/gcc-lib/sparc-ork-elf/2.8.1/adalib/libgnat.a(a-filico.o)
                0x02010d44                ada__finalization__list_controller___deep_finalize__2
                0x02010fb0                ada__finalization__list_controller___init_proc__2
                0x02010f74                ada__finalization__list_controller__finalize
                0x02010d34                ada__finalization__list_controller___size__2
                0x02010f8c                ada__finalization__list_controller___init_proc
                0x02010f40                ada__finalization__list_controller__finalize__2
                0x02010d70                ada__finalization__list_controller___elabs
                0x02010cf8                ada__finalization__list_controller___size
                0x02010f28                ada__finalization__list_controller__initialize__2
                0x02010d08                ada__finalization__list_controller___deep_finalize
 .text          0x02010fe4      0x560 /usr/local/openravenscar/lib/gcc-lib/sparc-ork-elf/2.8.1/adalib/libgnat.a(a-finali.o)
                0x02011244                ada__finalization___size__4
                0x020114c4                ada__finalization__initialize
                0x020114dc                ada__finalization__Oeq__2
                0x02011504                ada__finalization___init_proc
                0x0201100c                ada__finalization___write__3
                0x020114fc                ada__finalization__finalize__2
                0x02010fe4                ada__finalization___size__3
                0x02010ff4                ada__finalization___read__3
                0x020114cc                ada__finalization__adjust
                0x02011524                ada__finalization___init_proc__2
                0x02011280                ada__finalization___elabs
                0x020114d4                ada__finalization__finalize
                0x020111f0                ada__finalization___deep_adjust
                0x020114f4                ada__finalization__initialize__2
                0x02011024                ada__finalization___assign__3
                0x02011218                ada__finalization___deep_finalize
                0x02011254                ada__finalization___deep_finalize__2
 .text          0x02011544       0x6c /usr/local/openravenscar/lib/gcc-lib/sparc-ork-elf/2.8.1/adalib/libgnat.a(a-ioexce.o)
                0x02011544                ada__io_exceptions___elabs
 .text          0x020115b0     0x1e98 /usr/local/openravenscar/lib/gcc-lib/sparc-ork-elf/2.8.1/adalib/libgnat.a(a-nuelfu.o)
                0x0201306c                ada__numerics__elementary_functions__sinh
                0x02011ef4                ada__numerics__elementary_functions__arcsin
                0x02011cdc                ada__numerics__elementary_functions__arccosh
                0x02012120                ada__numerics__elementary_functions__arcsinh
                0x020115b0                ada__numerics__elementary_functions__Oexpon
                0x02011df0                ada__numerics__elementary_functions__arccoth
                0x02011dd4                ada__numerics__elementary_functions__arccot__2
                0x02011fc8                ada__numerics__elementary_functions__arcsin__2
                0x02012350                ada__numerics__elementary_functions__arctan__2
                0x02011b70                ada__numerics__elementary_functions__arccos__2
                0x02012650                ada__numerics__elementary_functions__cos
                0x02013178                ada__numerics__elementary_functions__sqrt
                0x02013284                ada__numerics__elementary_functions__tan__2
                0x02012f70                ada__numerics__elementary_functions__sin__2
                0x02012e00                ada__numerics__elementary_functions__log__2
                0x02012854                ada__numerics__elementary_functions__cot__2
                0x020133b4                ada__numerics__elementary_functions__tanh
                0x020129bc                ada__numerics__elementary_functions__coth
                0x02012d44                ada__numerics__elementary_functions__log
                0x02012700                ada__numerics__elementary_functions__cosh
                0x02011dbc                ada__numerics__elementary_functions__arccot
                0x02012240                ada__numerics__elementary_functions__arctan
                0x02012f28                ada__numerics__elementary_functions__sin
                0x02011a70                ada__numerics__elementary_functions__arccos
                0x020126bc                ada__numerics__elementary_functions__cos__2
                0x020131fc                ada__numerics__elementary_functions__tan
                0x02012ab0                ada__numerics__elementary_functions__exp
                0x020127ac                ada__numerics__elementary_functions__cot
                0x020124c4                ada__numerics__elementary_functions__arctanh
 .text          0x02013448       0x18 /usr/local/openravenscar/lib/gcc-lib/sparc-ork-elf/2.8.1/adalib/libgnat.a(a-numeri.o)
                0x02013448                ada__numerics___elabs
 .text          0x02013460       0xc0 /usr/local/openravenscar/lib/gcc-lib/sparc-ork-elf/2.8.1/adalib/libgnat.a(a-stream.o)
                0x02013478                ada__streams___elabs
                0x02013470                ada__streams___deep_finalize
                0x02013460                ada__streams___size
                0x02013510                ada__streams___init_proc
 .text          0x02013520      0x934 /usr/local/openravenscar/lib/gcc-lib/sparc-ork-elf/2.8.1/adalib/libgnat.a(a-tags.o)
                0x02013b88                ada__tags__length
                0x02013df4                ada__tags___init_proc
                0x02013694                ada__tags__external_tag_htable__removeXn
                0x02013cac                ada__tags__get_rc_offset
                0x02013dc8                ada__tags__set_remotely_callable
                0x02013d90                ada__tags__set_prim_op_address
                0x02013d70                ada__tags__register_tag
                0x02013d10                ada__tags__inherit_tsd
                0x02013520                ada__tags___elabs
                0x02013c88                ada__tags__get_expanded_name
                0x02013da4                ada__tags__set_expanded_name
                0x02013cb8                ada__tags__get_remotely_callable
                0x020138b0                ada__tags__expanded_name
                0x02013538                ada__tags__external_tag_htable__getXn
                0x02013ca0                ada__tags__get_inheritance_depth
                0x02013cd0                ada__tags__get_tsd
                0x0201378c                ada__tags__external_tag_htable__setXn
                0x02013c48                ada__tags__cw_membership
                0x02013cd8                ada__tags__inherit_dt
                0x020135e0                ada__tags__external_tag_htable__get_nextXn
                0x020139b8                ada__tags__get_external_tag
                0x020139dc                ada__tags__internal_tag
                0x02013dfc                ada__tags___init_proc__2
                0x02013be4                ada__tags___elabb
                0x02013d9c                ada__tags__set_tsd
                0x02013db0                ada__tags__set_external_tag
                0x02013800                ada__tags__get_ht_link
                0x02013bbc                ada__tags__parent_size
                0x020137c8                ada__tags__equal
                0x020135ac                ada__tags__external_tag_htable__get_firstXn
                0x02013d84                ada__tags__set_inheritance_depth
                0x02013934                ada__tags__external_tag
                0x0201361c                ada__tags__external_tag_htable__get_non_nullXn
                0x02013c94                ada__tags__get_prim_op_address
                0x02013dbc                ada__tags__set_rc_offset
                0x0201386c                ada__tags__hash
                0x0201374c                ada__tags__external_tag_htable__resetXn
                0x020138a4                ada__tags__set_ht_link
                0x02013e08                ada__tags__external_tag_htable___init_procXn
 .text          0x02013e54      0x25c /usr/local/openravenscar/lib/gcc-lib/sparc-ork-elf/2.8.1/adalib/libgnat.a(g-except.o)
                0x02013fa0                gnat__exceptions___deep_finalize
                0x02013e6c                gnat__exceptions___write
                0x02013ea8                gnat__exceptions___output
                0x02013ec8                gnat__exceptions___assign
                0x02013e74                gnat__exceptions___input
                0x02013fa8                gnat__exceptions___elabs
                0x02013e64                gnat__exceptions___read
                0x02013e54                gnat__exceptions___size
                0x020140a0                gnat__exceptions___init_proc
                0x02013ec0                gnat__exceptions__Oeq
                0x02013f98                gnat__exceptions___deep_adjust
 .text          0x020140b0      0x174 /usr/local/openravenscar/lib/gcc-lib/sparc-ork-elf/2.8.1/adalib/libgnat.a(g-hesora.o)
                0x02014180                gnat__heap_sort_a__sort
 .text          0x02014224      0xc6c /usr/local/openravenscar/lib/gcc-lib/sparc-ork-elf/2.8.1/adalib/libgnat.a(i-c.o)
                0x02014b34                interfaces__c__to_c__4
                0x02014674                interfaces__c__to_ada__6
                0x02014288                interfaces__c__is_nul_terminated__2
                0x020142d8                interfaces__c__to_ada
                0x020142e0                interfaces__c__to_ada__2
                0x0201479c                interfaces__c__to_c
                0x0201423c                interfaces__c__is_nul_terminated
                0x02014ce8                interfaces__c__to_c__6
                0x02014414                interfaces__c__to_ada__3
                0x02014224                interfaces__c___elabs
                0x0201499c                interfaces__c__to_c__3
                0x02014534                interfaces__c__to_ada__5
                0x02014b3c                interfaces__c__to_c__5
                0x020147a4                interfaces__c__to_c__2
                0x0201452c                interfaces__c__to_ada__4
 .text          0x02014e90     0x13b4 /usr/local/openravenscar/lib/gcc-lib/sparc-ork-elf/2.8.1/adalib/libgnat.a(s-arit64.o)
                0x02014fcc                system__arith_64__hi
                0x02015574                system__arith_64__scaled_divide
                0x02015544                system__arith_64__raise_error
                0x02014f44                system__arith_64__Odivide
                0x02014eb8                system__arith_64__Oadd__2
                0x02016170                system__arith_64__subtract_with_ovflo_check
                0x02014ee8                system__arith_64__Omultiply
                0x02014fdc                system__arith_64__lo
                0x02014f18                system__arith_64__Omultiply__2
                0x02015050                system__arith_64__double_divide
                0x02015340                system__arith_64__multiply_with_ovflo_check
                0x02016224                system__arith_64__to_pos_int
                0x02014e90                system__arith_64__Oadd
                0x02014f9c                system__arith_64__Oconcat
                0x020161ec                system__arith_64__to_neg_int
                0x02014f70                system__arith_64__Orem
                0x02014fe4                system__arith_64__add_with_ovflo_check
                0x02014ed0                system__arith_64__Osubtract
 .text          0x02016244      0x16c /usr/local/openravenscar/lib/gcc-lib/sparc-ork-elf/2.8.1/adalib/libgnat.a(s-except.o)
                0x02016268                system__exceptions___init_proc
                0x02016244                system__exceptions___elabs
                0x02016310                system__exceptions___init_proc__4
                0x020162b0                system__exceptions___init_proc__3
                0x02016350                system__exceptions___init_proc__5
                0x02016270                system__exceptions___init_proc__2
 .text          0x020163b0      0x54c /usr/local/openravenscar/lib/gcc-lib/sparc-ork-elf/2.8.1/adalib/libgnat.a(s-exctab.o)
                0x020166c4                system__exception_table__get_key
                0x02016458                system__exception_table__exception_htable__get_nextXn
                0x0201668c                system__exception_table__equal
                0x02016604                system__exception_table__exception_htable__setXn
                0x020168b0                system__exception_table__exception_htable___init_procXn
                0x020163b0                system__exception_table__exception_htable__getXn
                0x02016648                system__exception_table__get_ht_link
                0x020165c4                system__exception_table__exception_htable__resetXn
                0x02016640                system__exception_table__set_ht_link
                0x020166cc                system__exception_table__internal_exception
                0x02016494                system__exception_table__exception_htable__get_non_nullXn
                0x02016650                system__exception_table__hash
                0x02016424                system__exception_table__exception_htable__get_firstXn
                0x02016800                system__exception_table___elabb
                0x020167ec                system__exception_table__register_exception
                0x0201650c                system__exception_table__exception_htable__removeXn
 .text          0x020168fc      0x1c4 /usr/local/openravenscar/lib/gcc-lib/sparc-ork-elf/2.8.1/adalib/libgnat.a(s-exnflt.o)
                0x020168fc                system__exn_flt__exn_float
 .text          0x02016ac0      0xb2c /usr/local/openravenscar/lib/gcc-lib/sparc-ork-elf/2.8.1/adalib/libgnat.a(s-fatflt.o)
                0x02017474                system__fat_flt__fat_float__truncation
                0x02016c04                system__fat_flt__fat_float__decompose
                0x02016f98                system__fat_flt__fat_float__model
                0x02016ea0                system__fat_flt__fat_float__floor
                0x02016fac                system__fat_flt__fat_float__pred
                0x02017274                system__fat_flt__fat_float__scaling
                0x02016f28                system__fat_flt__fat_float__leading_part
                0x02017524                system__fat_flt__fat_float__unbiased_rounding
                0x02016b18                system__fat_flt__fat_float__ceiling
                0x02016b78                system__fat_flt__fat_float__compose
                0x02016e78                system__fat_flt__fat_float__exponent
                0x02016f00                system__fat_flt__fat_float__fraction
                0x02016df0                system__fat_flt__fat_float__gradual_scaling
                0x02017064                system__fat_flt__fat_float__remainder
                0x020171ec                system__fat_flt__fat_float__rounding
                0x02016ac0                system__fat_flt__fat_float__adjacent
                0x0201738c                system__fat_flt__fat_float__succ
                0x020175cc                system__fat_flt__fat_float__valid
                0x02016ba8                system__fat_flt__fat_float__copy_sign
                0x02016f84                system__fat_flt__fat_float__machine
 .text          0x020175ec     0x13dc /usr/local/openravenscar/lib/gcc-lib/sparc-ork-elf/2.8.1/adalib/libgnat.a(s-finimp.o)
                0x0201880c                system__finalization_implementation__deep_tag_attach
                0x02017818                system__finalization_implementation___read__2
                0x02017e6c                system__finalization_implementation__detach_from_final_list
                0x020176b0                system__finalization_implementation___output
                0x020182c8                system__finalization_implementation__finalize_list
                0x020178e4                system__finalization_implementation__Oeq__2
                0x02018998                system__finalization_implementation___init_proc__2
                0x02017710                system__finalization_implementation___assign
                0x020188c4                system__finalization_implementation__initialize__2
                0x02017cd0                system__finalization_implementation__attach_to_final_list
                0x02018670                system__finalization_implementation__deep_tag_adjust
                0x0201792c                system__finalization_implementation___assign__2
                0x020176c8                system__finalization_implementation__Oeq
                0x02017658                system__finalization_implementation___input
                0x02017634                system__finalization_implementation___write
                0x02018580                system__finalization_implementation__deep_tag_initialize
                0x020188bc                system__finalization_implementation__initialize
                0x02018974                system__finalization_implementation___init_proc
                0x0201783c                system__finalization_implementation___write__2
                0x02017a2c                system__finalization_implementation___elabs
                0x020178cc                system__finalization_implementation___output__2
                0x02017860                system__finalization_implementation___input__2
                0x020175fc                system__finalization_implementation___read
                0x02018434                system__finalization_implementation__finalize_one
                0x0201873c                system__finalization_implementation__deep_tag_finalize
                0x0201840c                system__finalization_implementation__finalize_global_list
                0x02018960                system__finalization_implementation__finalize
                0x02017808                system__finalization_implementation___size__2
                0x0201892c                system__finalization_implementation__adjust__2
                0x020175ec                system__finalization_implementation___size
 .text          0x020189c8      0x658 /usr/local/openravenscar/lib/gcc-lib/sparc-ork-elf/2.8.1/adalib/libgnat.a(s-finroo.o)
                0x020189c8                system__finalization_root___size
                0x02018ffc                system__finalization_root___init_proc__2
                0x020189d8                system__finalization_root___read
                0x02018d10                system__finalization_root___elabs
                0x02018bc8                system__finalization_root__Oeq__2
                0x02018b58                system__finalization_root___input__2
                0x020189e0                system__finalization_root___write
                0x020189f0                system__finalization_root___assign
                0x02018fbc                system__finalization_root__finalize
                0x02018bb0                system__finalization_root___output__2
                0x02018f5c                system__finalization_root__initialize
                0x020189e8                system__finalization_root__Oeq
                0x02018ad0                system__finalization_root___read__2
                0x02018b28                system__finalization_root___write__2
                0x02018ac0                system__finalization_root___size__2
                0x02018f8c                system__finalization_root__adjust
                0x02018c20                system__finalization_root___assign__2
                0x02018fec                system__finalization_root___init_proc
 .text          0x02019020      0x1b4 /usr/local/openravenscar/lib/gcc-lib/sparc-ork-elf/2.8.1/adalib/libgnat.a(s-imgint.o)
                0x0201915c                system__img_int__set_image_integer
                0x02019020                system__img_int__image_integer
 .text          0x020191d4      0xbc8 /usr/local/openravenscar/lib/gcc-lib/sparc-ork-elf/2.8.1/adalib/libgnat.a(s-imgrea.o)
                0x020191d4                system__img_real__image_ordinary_fixed_point
                0x020198c0                system__img_real__set_image_real
                0x020192a8                system__img_real__image_floating_point
 .text          0x02019d9c      0x160 /usr/local/openravenscar/lib/gcc-lib/sparc-ork-elf/2.8.1/adalib/libgnat.a(s-imguns.o)
                0x02019d9c                system__img_uns__image_unsigned
                0x02019ebc                system__img_uns__set_image_unsigned
 .text          0x02019efc       0x40 /usr/local/openravenscar/lib/gcc-lib/sparc-ork-elf/2.8.1/adalib/libgnat.a(s-mastop.o)
                0x02019f14                system__machine_state_operations__get_code_loc
                0x02019efc                system__machine_state_operations__allocate_machine_state
                0x02019f34                system__machine_state_operations__set_signal_machine_state
                0x02019f0c                system__machine_state_operations__free_machine_state
                0x02019f1c                system__machine_state_operations__machine_state_length
                0x02019f04                system__machine_state_operations__enter_handler
                0x02019f2c                system__machine_state_operations__set_machine_state
                0x02019f24                system__machine_state_operations__pop_frame
 .text          0x02019f3c       0x50 /usr/local/openravenscar/lib/gcc-lib/sparc-ork-elf/2.8.1/adalib/libgnat.a(s-parame.o)
                0x02019f44                system__parameters__minimum_stack_size
                0x02019f4c                system__parameters__adjust_storage_size
                0x02019f3c                system__parameters__default_stack_size
 .text          0x02019f8c      0x314 /usr/local/openravenscar/lib/gcc-lib/sparc-ork-elf/2.8.1/adalib/libgnat.a(s-secsta.o)
                0x0201a298                system__secondary_stack___init_proc__2
                0x0201a23c                system__secondary_stack___elabb
                0x02019f8c                system__secondary_stack__ss_allocate
                0x0201a180                system__secondary_stack__ss_free
                0x0201a21c                system__secondary_stack__ss_release
                0x0201a1fc                system__secondary_stack__ss_mark
                0x0201a284                system__secondary_stack___init_proc
                0x0201a11c                system__secondary_stack__ss_init
 .text          0x0201a2a0      0x1fc /usr/local/openravenscar/lib/gcc-lib/sparc-ork-elf/2.8.1/adalib/libgnat.a(s-sopco3.o)
                0x0201a2a0                system__string_ops_concat_3__str_concat_3
 .text          0x0201a49c      0x1e4 /usr/local/openravenscar/lib/gcc-lib/sparc-ork-elf/2.8.1/adalib/libgnat.a(s-stache.o)
                0x0201a49c                system__stack_checking___elabs
                0x0201a4b4                _gnat_stack_check
                0x0201a638                system__stack_checking__set_stack_size
                0x0201a670                system__stack_checking___init_proc
                0x0201a540                system__stack_checking__invalidate_stack_cache
                0x0201a660                system__stack_checking__update_stack_cache
 .text          0x0201a680       0x28 /usr/local/openravenscar/lib/gcc-lib/sparc-ork-elf/2.8.1/adalib/libgnat.a(s-stalib.o)
                0x0201a680                system__standard_library__abort_undefer_direct
                0x0201a69c                system__standard_library___init_proc
 .text          0x0201a6a8       0x64 /usr/local/openravenscar/lib/gcc-lib/sparc-ork-elf/2.8.1/adalib/libgnat.a(s-stoele.o)
                0x0201a6c8                system__storage_elements__Omod
                0x0201a6fc                system__storage_elements__to_address
                0x0201a6b0                system__storage_elements__Oadd__2
                0x0201a6b8                system__storage_elements__Osubtract
                0x0201a6a8                system__storage_elements__Oadd
                0x0201a704                system__storage_elements__to_integer
                0x0201a6c0                system__storage_elements__Osubtract__2
 .text          0x0201a70c     0x102c /usr/local/openravenscar/lib/gcc-lib/sparc-ork-elf/2.8.1/adalib/libgnat.a(s-stratt.o)
                0x0201ae24                system__stream_attributes__i_si
                0x0201b0dc                system__stream_attributes__w_ad
                0x0201a814                system__stream_attributes__i_b
                0x0201b1d0                system__stream_attributes__w_c
                0x0201a9ec                system__stream_attributes__i_lf
                0x0201ad9c                system__stream_attributes__i_sf
                0x0201b658                system__stream_attributes__w_su
                0x0201a878                system__stream_attributes__i_c
                0x0201ab1c                system__stream_attributes__i_llf
                0x0201af64                system__stream_attributes__i_su
                0x0201ac6c                system__stream_attributes__i_llu
                0x0201b554                system__stream_attributes__w_sf
                0x0201afdc                system__stream_attributes__i_u
                0x0201b6f4                system__stream_attributes__w_wc
                0x0201a70c                system__stream_attributes__i_ad
                0x0201b69c                system__stream_attributes__w_u
                0x0201b4fc                system__stream_attributes__w_lu
                0x0201b19c                system__stream_attributes__w_b
                0x0201b404                system__stream_attributes__w_lli
                0x0201af00                system__stream_attributes__i_ssu
                0x0201aa94                system__stream_attributes__i_li
                0x0201b5f0                system__stream_attributes__w_ssi
                0x0201b5ac                system__stream_attributes__w_si
                0x0201b2b4                system__stream_attributes__w_lf
                0x0201ae9c                system__stream_attributes__i_ssi
                0x0201a8dc                system__stream_attributes__i_f
                0x0201b330                system__stream_attributes__w_li
                0x0201b14c                system__stream_attributes__w_as
                0x0201b25c                system__stream_attributes__w_i
                0x0201a964                system__stream_attributes__i_i
                0x0201abc4                system__stream_attributes__i_lli
                0x0201b064                system__stream_attributes__i_wc
                0x0201b388                system__stream_attributes__w_llf
                0x0201b624                system__stream_attributes__w_ssu
                0x0201a784                system__stream_attributes__i_as
                0x0201b204                system__stream_attributes__w_f
                0x0201b480                system__stream_attributes__w_llu
                0x0201ad14                system__stream_attributes__i_lu
 .text          0x0201b738      0x5b8 /usr/local/openravenscar/lib/gcc-lib/sparc-ork-elf/2.8.1/adalib/libgnat.a(s-strops.o)
                0x0201bb5c                system__string_ops__str_equal
                0x0201ba34                system__string_ops__str_concat_sc
                0x0201bc6c                system__string_ops__str_normalize
                0x0201b738                system__string_ops__str_concat
                0x0201b958                system__string_ops__str_concat_cs
                0x0201bcac                system__string_ops__wide_str_normalize
                0x0201b8f8                system__string_ops__str_concat_cc
 .text          0x0201bcf0      0x298 /usr/local/openravenscar/lib/gcc-lib/sparc-ork-elf/2.8.1/adalib/libgnat.a(s-soflin.o)
                0x0201be54                system__soft_links__set_jmpbuf_address_soft
                0x0201bdc0                system__soft_links__get_stack_info_nt
                0x0201bf1c                system__soft_links___elabb
                0x0201bdb4                system__soft_links__get_current_excep_nt
                0x0201bec4                system__soft_links__set_exc_stack_addr_soft
                0x0201bcf0                system__soft_links__abort_defer_nt
                0x0201bd24                system__soft_links__check_abort_status_nt
                0x0201bd6c                system__soft_links__get_sec_stack_addr_nt
                0x0201bd60                system__soft_links__set_jmpbuf_address_nt
                0x0201bd44                system__soft_links__task_lock_nt
                0x0201bf00                system__soft_links__set_machine_state_addr_soft
                0x0201bd34                system__soft_links__current_master_nt
                0x0201bcf8                system__soft_links__abort_handler_nt
                0x0201bdf0                system__soft_links__destroy_tsd
                0x0201bea8                system__soft_links__get_exc_stack_addr_soft
                0x0201bd54                system__soft_links__get_jmpbuf_address_nt
                0x0201bd00                system__soft_links__abort_undefer_nt
                0x0201bdcc                system__soft_links__create_tsd
                0x0201bd90                system__soft_links__set_machine_state_addr_nt
                0x0201bd78                system__soft_links__set_sec_stack_addr_nt
                0x0201bd08                system__soft_links__update_exception_nt
                0x0201bda8                system__soft_links__set_exc_stack_addr_nt
                0x0201bf5c                system__soft_links___init_proc
                0x0201be38                system__soft_links__get_jmpbuf_address_soft
                0x0201bd3c                system__soft_links__enter_master_nt
                0x0201bee4                system__soft_links__get_machine_state_addr_soft
                0x0201be8c                system__soft_links__set_sec_stack_addr_soft
                0x0201bd4c                system__soft_links__task_unlock_nt
                0x0201be14                system__soft_links__get_gnat_exception
                0x0201be70                system__soft_links__get_sec_stack_addr_soft
                0x0201bd2c                system__soft_links__complete_master_nt
                0x0201bd84                system__soft_links__get_machine_state_addr_nt
                0x0201bd9c                system__soft_links__get_exc_stack_addr_nt
 .text          0x0201bf88       0x68 /usr/local/openravenscar/lib/gcc-lib/sparc-ork-elf/2.8.1/adalib/libgnat.a(s-traceb.o)
                0x0201bf9c                system__traceback__get_code_loc
                0x0201bfc4                system__traceback__pop_frame
                0x0201bfb0                system__traceback__free_machine_state
                0x0201bf88                system__traceback__allocate_machine_state
                0x0201bfdc                system__traceback__set_machine_state
 .text          0x0201bff0       0xfc /usr/local/openravenscar/lib/gcc-lib/sparc-ork-elf/2.8.1/adalib/libgnat.a(a-argv.o)
                0x0201c0b8                fill_env
                0x0201c05c                env_count
                0x0201c098                len_env
                0x0201bff0                arg_count
                0x0201bffc                gnat_argval
                0x0201c028                fill_arg
                0x0201c008                len_arg
 .text          0x0201c0ec      0x14c /usr/local/openravenscar/lib/gcc-lib/sparc-ork-elf/2.8.1/adalib/libgnat.a(a-cio.o)
                0x0201c10c                put_int
                0x0201c128                get_char
                0x0201c0ec                get_int
                0x0201c218                put_char_stderr
                0x0201c178                put_char
 .text          0x0201c238        0xc /usr/local/openravenscar/lib/gcc-lib/sparc-ork-elf/2.8.1/adalib/libgnat.a(a-exit.o)
                0x0201c238                set_gnat_exit_status
 .text          0x0201c244      0x1f4 /usr/local/openravenscar/lib/gcc-lib/sparc-ork-elf/2.8.1/adalib/libgnat.a(a-raise.o)
                0x0201c244                _gnat_builtin_longjmp
                0x0201c29c                __gnat_malloc
                0x0201c354                __gnat_free
                0x0201c284                __gnat_unhandled_terminate
                0x0201c390                __gnat_realloc
 .text          0x0201c438      0x410 /usr/local/openravenscar/lib/gcc-lib/sparc-ork-elf/2.8.1/adalib/libgnat.a(a-init.o)
                0x0201c62c                __gnat_pop_frame
                0x0201c840                __gnat_init_float
                0x0201c438                __gnat_set_globals
                0x0201c838                __gnat_get_code_loc
                0x0201c490                __gnat_initialize
                0x0201c77c                __gnat_enter_handler
                0x0201c830                __gnat_machine_state_length
                0x0201c6d0                __gnat_set_machine_state
 .text          0x0201c848        0x8 /usr/local/openravenscar/lib/gcc-lib/sparc-ork-elf/2.8.1/adalib/libgnat.a(a-final.o)
                0x0201c848                __gnat_finalize
 .text          0x0201c850      0xc1c /usr/local/openravenscar/lib/gcc-lib/sparc-ork-elf/2.8.1/adalib/libgnat.a(s-fatllf.o)
                0x0201c954                system__fat_llf__fat_long_long_float__copy_sign
                0x0201cbc4                system__fat_llf__fat_long_long_float__gradual_scaling
                0x0201d398                system__fat_llf__fat_long_long_float__unbiased_rounding
                0x0201cc5c                system__fat_llf__fat_long_long_float__exponent
                0x0201c920                system__fat_llf__fat_long_long_float__compose
                0x0201cc88                system__fat_llf__fat_long_long_float__floor
                0x0201c850                system__fat_llf__fat_long_long_float__adjacent
                0x0201cdb4                system__fat_llf__fat_long_long_float__pred
                0x0201ccf4                system__fat_llf__fat_long_long_float__fraction
                0x0201ce74                system__fat_llf__fat_long_long_float__remainder
                0x0201d0bc                system__fat_llf__fat_long_long_float__scaling
                0x0201c8b4                system__fat_llf__fat_long_long_float__ceiling
                0x0201c9b8                system__fat_llf__fat_long_long_float__decompose
                0x0201d1e4                system__fat_llf__fat_long_long_float__succ
                0x0201cd20                system__fat_llf__fat_long_long_float__leading_part
                0x0201d024                system__fat_llf__fat_long_long_float__rounding
                0x0201cd9c                system__fat_llf__fat_long_long_float__model
                0x0201d444                system__fat_llf__fat_long_long_float__valid
                0x0201d2d4                system__fat_llf__fat_long_long_float__truncation
                0x0201cd88                system__fat_llf__fat_long_long_float__machine
 .text          0x0201d46c      0x18c /usr/local/openravenscar/lib/gcc-lib/sparc-ork-elf/2.8.1/adalib/libgnat.a(s-imgllu.o)
                0x0201d46c                system__img_llu__image_long_long_unsigned
                0x0201d5b4                system__img_llu__set_image_long_long_unsigned
 .text          0x0201d5f8      0x894 /usr/local/openravenscar/lib/gcc-lib/sparc-ork-elf/2.8.1/adalib/libgnat.a(a-adaint.o)
                0x0201d788                get_object_suffix_ptr
                0x0201d734                Get_Default_Identifier_Character_Set
                0x0201d71c                Get_Maximum_File_Name_Length
                0x0201d72c                Get_File_Names_Case_Sensitive
                0x0201d9a4                file_time_name
                0x0201d744                Get_Pathsep_Char
                0x0201d824                open_read
                0x0201d73c                Get_Dirsep_Char
                0x0201da3c                is_regular_file
                0x0201d724                Get_Switch_Character
                0x0201dbf0                locate_regular_file
                0x0201de40                to_canonical_file_list_next
                0x0201de6c                to_host_dir_spec
                0x0201da1c                __gnat_file_exists
                0x0201d910                __gnat_mkdir
                0x0201de64                to_canonical_path_spec
                0x0201dabc                is_writable_file
                0x0201d8e8                open_new_temp
                0x0201daf0                portable_spawn
                0x0201de54                to_canonical_dir_spec
                0x0201d9dc                get_env_value_ptr
                0x0201d9c0                file_time_fd
                0x0201d99c                readdir_is_thread_safe
                0x0201d8c0                open_new
                0x0201d5f8                to_gm_time
                0x0201d66c                Try_Lock
                0x0201de5c                to_canonical_file_spec
                0x0201dbac                portable_wait
                0x0201de38                to_canonical_file_list_init
                0x0201de84                convert_addresses
                0x0201d7bc                get_executable_suffix_ptr
                0x0201da7c                is_directory
                0x0201d898                open_append
                0x0201d870                open_create
                0x0201d848                open_rw
                0x0201d928                file_length
                0x0201d968                readdir_gnat
                0x0201de7c                adjust_os_resource_limits
                0x0201dd7c                locate_exec
                0x0201db6c                portable_no_block_spawn
                0x0201dbdc                os_exit
                0x0201da10                Get_Libraries_From_Registry
                0x0201de4c                to_canonical_file_list_free
                0x0201d74c                Get_Current_Dir
                0x0201de74                to_host_file_spec
                0x0201ddf0                locate_exec_on_path
                0x0201d7f0                get_debuggable_suffix_ptr
 .text          0x0201de8c      0x294 /usr/local/openravenscar/sparc-ork-elf/lib/libm.a(s_atan.o)
                0x0201de8c                atan
 .text          0x0201e120       0xf0 /usr/local/openravenscar/sparc-ork-elf/lib/libm.a(s_cos.o)
                0x0201e120                cos
 .text          0x0201e210       0x2c /usr/local/openravenscar/sparc-ork-elf/lib/libm.a(s_fabs.o)
                0x0201e210                fabs
 .text          0x0201e23c       0xf0 /usr/local/openravenscar/sparc-ork-elf/lib/libm.a(s_sin.o)
                0x0201e23c                sin
 .text          0x0201e32c       0x9c /usr/local/openravenscar/sparc-ork-elf/lib/libm.a(s_tan.o)
                0x0201e32c                tan
 .text          0x0201e3c8      0x134 /usr/local/openravenscar/sparc-ork-elf/lib/libm.a(s_tanh.o)
                0x0201e3c8                tanh
 .text          0x0201e4fc       0xf8 /usr/local/openravenscar/sparc-ork-elf/lib/libm.a(w_acos.o)
                0x0201e4fc                acos
 .text          0x0201e5f4       0xf8 /usr/local/openravenscar/sparc-ork-elf/lib/libm.a(w_asin.o)
                0x0201e5f4                asin
 .text          0x0201e6ec      0x1c0 /usr/local/openravenscar/sparc-ork-elf/lib/libm.a(w_exp.o)
                0x0201e6ec                exp
 .text          0x0201e8ac      0x184 /usr/local/openravenscar/sparc-ork-elf/lib/libm.a(w_log.o)
                0x0201e8ac                log
 .text          0x0201ea30      0x60c /usr/local/openravenscar/sparc-ork-elf/lib/libm.a(w_pow.o)
                0x0201ea30                pow
 .text          0x0201f03c      0x118 /usr/local/openravenscar/sparc-ork-elf/lib/libm.a(w_sqrt.o)
                0x0201f03c                sqrt
 .text          0x0201f154      0x3ac /usr/local/openravenscar/sparc-ork-elf/lib/libm.a(e_acos.o)
                0x0201f154                __ieee754_acos
 .text          0x0201f500      0x340 /usr/local/openravenscar/sparc-ork-elf/lib/libm.a(e_asin.o)
                0x0201f500                __ieee754_asin
 .text          0x0201f840      0x2f0 /usr/local/openravenscar/sparc-ork-elf/lib/libm.a(e_exp.o)
                0x0201f840                __ieee754_exp
 .text          0x0201fb30      0x310 /usr/local/openravenscar/sparc-ork-elf/lib/libm.a(e_log.o)
                0x0201fb30                __ieee754_log
 .text          0x0201fe40      0x99c /usr/local/openravenscar/sparc-ork-elf/lib/libm.a(e_pow.o)
                0x0201fe40                __ieee754_pow
 .text          0x020207dc      0x3d8 /usr/local/openravenscar/sparc-ork-elf/lib/libm.a(e_rem_pio2.o)
                0x020207dc                __ieee754_rem_pio2
 .text          0x02020bb4      0x264 /usr/local/openravenscar/sparc-ork-elf/lib/libm.a(e_sqrt.o)
                0x02020bb4                __ieee754_sqrt
 .text          0x02020e18      0x17c /usr/local/openravenscar/sparc-ork-elf/lib/libm.a(k_cos.o)
                0x02020e18                __kernel_cos
 .text          0x02020f94      0x838 /usr/local/openravenscar/sparc-ork-elf/lib/libm.a(k_rem_pio2.o)
                0x02020f94                __kernel_rem_pio2
 .text          0x020217cc      0x11c /usr/local/openravenscar/sparc-ork-elf/lib/libm.a(k_sin.o)
                0x020217cc                __kernel_sin
 .text          0x020218e8      0x2b4 /usr/local/openravenscar/sparc-ork-elf/lib/libm.a(k_tan.o)
                0x020218e8                __kernel_tan
 .text          0x02021b9c      0x40c /usr/local/openravenscar/sparc-ork-elf/lib/libm.a(s_expm1.o)
                0x02021b9c                expm1
 .text          0x02021fa8       0x18 /usr/local/openravenscar/sparc-ork-elf/lib/libm.a(s_finite.o)
                0x02021fa8                finite
 .text          0x02021fc0      0x1a0 /usr/local/openravenscar/sparc-ork-elf/lib/libm.a(s_floor.o)
                0x02021fc0                floor
 .text          0x02022160       0x28 /usr/local/openravenscar/sparc-ork-elf/lib/libm.a(s_isnan.o)
                0x02022160                isnan
 .text          0x02022188        0x8 /usr/local/openravenscar/sparc-ork-elf/lib/libm.a(s_matherr.o)
                0x02022188                matherr
 .text          0x02022190      0x1c8 /usr/local/openravenscar/sparc-ork-elf/lib/libm.a(s_rint.o)
                0x02022190                rint
 .text          0x02022358      0x1d8 /usr/local/openravenscar/sparc-ork-elf/lib/libm.a(s_scalbn.o)
                0x02022358                scalbn
 .text          0x02022530       0x40 /usr/local/openravenscar/sparc-ork-elf/lib/libm.a(s_copysign.o)
                0x02022530                copysign
 .text          0x02022570        0x8 /usr/local/openravenscar/lib/gcc-lib/sparc-ork-elf/2.8.1/libgcc.a(__dummy.o)
                0x02022570                __dummy
 .text          0x02022578       0x48 /usr/local/openravenscar/lib/gcc-lib/sparc-ork-elf/2.8.1/libgcc.a(_ashldi3.o)
                0x02022578                __ashldi3
 .text          0x020225c0       0x38 /usr/local/openravenscar/lib/gcc-lib/sparc-ork-elf/2.8.1/libgcc.a(_cmpdi2.o)
                0x020225c0                __cmpdi2
 .text          0x020225f8      0x3c0 /usr/local/openravenscar/lib/gcc-lib/sparc-ork-elf/2.8.1/libgcc.a(_divdi3.o)
                0x020225f8                __divdi3
 .text          0x020229b8      0x1f4 /usr/local/openravenscar/lib/gcc-lib/sparc-ork-elf/2.8.1/libgcc.a(_divsi3.o)
                0x020229b8                udiv
                0x020229c4                div
 .text          0x02022bac       0x58 /usr/local/openravenscar/lib/gcc-lib/sparc-ork-elf/2.8.1/libgcc.a(_fixsfdi.o)
                0x02022bac                __fixsfdi
 .text          0x02022c04      0x1c0 /usr/local/openravenscar/lib/gcc-lib/sparc-ork-elf/2.8.1/libgcc.a(_fixunsdfdi.o)
                0x02022c04                __fixunsdfdi
 .text          0x02022dc4      0x1c8 /usr/local/openravenscar/lib/gcc-lib/sparc-ork-elf/2.8.1/libgcc.a(_fixunssfdi.o)
                0x02022dc4                __fixunssfdi
 .text          0x02022f8c       0x54 /usr/local/openravenscar/lib/gcc-lib/sparc-ork-elf/2.8.1/libgcc.a(_floatdidf.o)
                0x02022f8c                __floatdidf
 .text          0x02022fe0       0xa8 /usr/local/openravenscar/lib/gcc-lib/sparc-ork-elf/2.8.1/libgcc.a(_floatdisf.o)
                0x02022fe0                __floatdisf
 .text          0x02023088       0x48 /usr/local/openravenscar/lib/gcc-lib/sparc-ork-elf/2.8.1/libgcc.a(_lshrdi3.o)
                0x02023088                __lshrdi3
 .text          0x020230d0      0x1f4 /usr/local/openravenscar/lib/gcc-lib/sparc-ork-elf/2.8.1/libgcc.a(_modsi3.o)
                0x020230d0                urem
                0x020230dc                rem
 .text          0x020232c4       0xe0 /usr/local/openravenscar/lib/gcc-lib/sparc-ork-elf/2.8.1/libgcc.a(_muldi3.o)
                0x020232c4                __muldi3
 .text          0x020233a4       0xe8 /usr/local/openravenscar/lib/gcc-lib/sparc-ork-elf/2.8.1/libgcc.a(_mulsi3.o)
                0x020233a4                umul
 .text          0x0202348c      0x340 /usr/local/openravenscar/lib/gcc-lib/sparc-ork-elf/2.8.1/libgcc.a(_udivdi3.o)
                0x0202348c                __udivdi3
 .text          0x020237cc      0x39c /usr/local/openravenscar/lib/gcc-lib/sparc-ork-elf/2.8.1/libgcc.a(_umoddi3.o)
                0x020237cc                __umoddi3
 .text          0x02023b68      0xa48 /usr/local/openravenscar/lib/gcc-lib/sparc-ork-elf/2.8.1/libgcc.a(frame.o)
                0x0202448c                __frame_state_for
                0x02024424                __deregister_frame_info
                0x020243fc                __register_frame_info_table
                0x020243d4                __register_frame_info
 .text          0x020245b0       0x20 /usr/local/openravenscar/sparc-ork-elf/lib/libc.a(abort.o)
                0x020245b0                abort
 .text          0x020245d0       0x1c /usr/local/openravenscar/sparc-ork-elf/lib/libc.a(atoi.o)
                0x020245d0                atoi
 .text          0x020245ec        0xc /usr/local/openravenscar/sparc-ork-elf/lib/libc.a(errno.o)
                0x020245ec                __errno
 .text          0x020245f8       0x8c /usr/local/openravenscar/sparc-ork-elf/lib/libc.a(exit.o)
                0x020245f8                exit
 .text          0x02024684       0x90 /usr/local/openravenscar/sparc-ork-elf/lib/libc.a(fputc.o)
                0x02024684                fputc
 .text          0x02024714       0x40 /usr/local/openravenscar/sparc-ork-elf/lib/libc.a(getenv.o)
                0x02024734                getenv
                0x02024714                _findenv
 .text          0x02024754      0x100 /usr/local/openravenscar/sparc-ork-elf/lib/libc.a(getenv_r.o)
                0x02024754                _findenv_r
                0x02024838                _getenv_r
 .text          0x02024854       0x1c /usr/local/openravenscar/sparc-ork-elf/lib/libc.a(gmtime.o)
                0x02024854                gmtime
 .text          0x02024870       0x20 /usr/local/openravenscar/sparc-ork-elf/lib/libc.a(lcltime.o)
                0x02024870                localtime
 .text          0x02024890      0x21c /usr/local/openravenscar/sparc-ork-elf/lib/libc.a(lcltime_r.o)
                0x02024890                localtime_r
 .text          0x02024aac       0x38 /usr/local/openravenscar/sparc-ork-elf/lib/libc.a(malloc.o)
                0x02024aac                malloc
                0x02024ac8                free
 .text          0x02024ae4      0x774 /usr/local/openravenscar/sparc-ork-elf/lib/libc.a(mallocr.o)
                0x02024cb0                _malloc_r
 .text          0x02025258       0x80 /usr/local/openravenscar/sparc-ork-elf/lib/libc.a(memcmp.o)
                0x02025258                memcmp
 .text          0x020252d8       0xc4 /usr/local/openravenscar/sparc-ork-elf/lib/libc.a(memcpy.o)
                0x020252d8                memcpy
 .text          0x0202539c       0xa4 /usr/local/openravenscar/sparc-ork-elf/lib/libc.a(memset.o)
                0x0202539c                memset
 .text          0x02025440       0x10 /usr/local/openravenscar/sparc-ork-elf/lib/libc.a(mlock.o)
                0x02025448                __malloc_unlock
                0x02025440                __malloc_lock
 .text          0x02025450       0x70 /usr/local/openravenscar/sparc-ork-elf/lib/libc.a(printf.o)
                0x02025480                printf
                0x02025450                _printf_r
 .text          0x020254c0       0x20 /usr/local/openravenscar/sparc-ork-elf/lib/libc.a(realloc.o)
                0x020254c0                realloc
 .text          0x020254e0      0x50c /usr/local/openravenscar/sparc-ork-elf/lib/libc.a(reallocr.o)
                0x020254e0                _realloc_r
 .text          0x020259ec       0x40 /usr/local/openravenscar/sparc-ork-elf/lib/libc.a(rget.o)
                0x020259ec                __srget
 .text          0x02025a2c       0x34 /usr/local/openravenscar/sparc-ork-elf/lib/libc.a(sbrkr.o)
                0x02025a2c                _sbrk_r
 .text          0x02025a60       0x64 /usr/local/openravenscar/sparc-ork-elf/lib/libc.a(scanf.o)
                0x02025a98                _scanf_r
                0x02025a60                scanf
 .text          0x02025ac4      0x24c /usr/local/openravenscar/sparc-ork-elf/lib/libc.a(signal.o)
                0x02025b20                _signal_r
                0x02025b7c                _raise_r
                0x02025c18                __sigtramp_r
                0x02025cbc                signal
                0x02025cdc                _init_signal
                0x02025ac4                _init_signal_r
                0x02025cf4                __sigtramp
                0x02025ca0                raise
 .text          0x02025d10       0x4c /usr/local/openravenscar/sparc-ork-elf/lib/libc.a(signalr.o)
                0x02025d10                _kill_r
                0x02025d48                _getpid_r
 .text          0x02025d5c       0xb4 /usr/local/openravenscar/sparc-ork-elf/lib/libc.a(sprintf.o)
                0x02025d5c                _sprintf_r
                0x02025db0                sprintf
 .text          0x02025e10       0x8c /usr/local/openravenscar/sparc-ork-elf/lib/libc.a(strcat.o)
                0x02025e10                strcat
 .text          0x02025e9c       0xb8 /usr/local/openravenscar/sparc-ork-elf/lib/libc.a(strcmp.o)
                0x02025e9c                strcmp
 .text          0x02025f54       0x8c /usr/local/openravenscar/sparc-ork-elf/lib/libc.a(strcpy.o)
                0x02025f54                strcpy
 .text          0x02025fe0       0x78 /usr/local/openravenscar/sparc-ork-elf/lib/libc.a(strlen.o)
                0x02025fe0                strlen
 .text          0x02026058       0xcc /usr/local/openravenscar/sparc-ork-elf/lib/libc.a(strncmp.o)
                0x02026058                strncmp
 .text          0x02026124       0xd4 /usr/local/openravenscar/sparc-ork-elf/lib/libc.a(strncpy.o)
                0x02026124                strncpy
 .text          0x020261f8       0x68 /usr/local/openravenscar/sparc-ork-elf/lib/libc.a(strstr.o)
                0x020261f8                strstr
 .text          0x02026260      0x1f8 /usr/local/openravenscar/sparc-ork-elf/lib/libc.a(strtol.o)
                0x02026434                strtol
                0x02026260                _strtol_r
 .text          0x02026458     0x19c4 /usr/local/openravenscar/sparc-ork-elf/lib/libc.a(vfprintf.o)
                0x0202655c                _vfprintf_r
                0x0202653c                vfprintf
 .text          0x02027e1c      0xf30 /usr/local/openravenscar/sparc-ork-elf/lib/libc.a(vfscanf.o)
                0x02027e1c                __svfscanf
                0x02028c6c                __sccl
 .text          0x02028d4c      0x10c /usr/local/openravenscar/sparc-ork-elf/lib/libc.a(wbuf.o)
                0x02028d4c                __swbuf
 .text          0x02028e58      0x10c /usr/local/openravenscar/sparc-ork-elf/lib/libc.a(wsetup.o)
                0x02028e58                __swsetup
 .text          0x02028f64       0x18 /usr/local/openravenscar/sparc-ork-elf/lib/libc.a(atof.o)
                0x02028f64                atof
 .text          0x02028f7c     0x1250 /usr/local/openravenscar/sparc-ork-elf/lib/libc.a(dtoa.o)
                0x02029168                _dtoa_r
 .text          0x0202a1cc       0x10 /usr/local/openravenscar/sparc-ork-elf/lib/libc.a(envlock.o)
                0x0202a1d4                __env_unlock
                0x0202a1cc                __env_lock
 .text          0x0202a1dc       0xf0 /usr/local/openravenscar/sparc-ork-elf/lib/libc.a(fflush.o)
                0x0202a1dc                fflush
 .text          0x0202a2cc      0x228 /usr/local/openravenscar/sparc-ork-elf/lib/libc.a(findfp.o)
                0x0202a484                __sinit
                0x0202a328                __sfmoreglue
                0x0202a46c                _cleanup
                0x0202a450                _cleanup_r
                0x0202a380                __sfp
 .text          0x0202a4f4       0xcc /usr/local/openravenscar/sparc-ork-elf/lib/libc.a(fread.o)
                0x0202a4f4                fread
 .text          0x0202a5c0      0x3c0 /usr/local/openravenscar/sparc-ork-elf/lib/libc.a(freer.o)
                0x0202a5c0                _free_r
                0x0202a85c                _malloc_trim_r
 .text          0x0202a980      0x380 /usr/local/openravenscar/sparc-ork-elf/lib/libc.a(fvwrite.o)
                0x0202a980                __sfvwrite
 .text          0x0202ad00       0x60 /usr/local/openravenscar/sparc-ork-elf/lib/libc.a(fwalk.o)
                0x0202ad00                _fwalk
 .text          0x0202ad60       0xa4 /usr/local/openravenscar/sparc-ork-elf/lib/libc.a(locale.o)
                0x0202ad60                _setlocale_r
                0x0202adc0                _localeconv_r
                0x0202adcc                setlocale
                0x0202adec                localeconv
 .text          0x0202ae04      0x144 /usr/local/openravenscar/sparc-ork-elf/lib/libc.a(makebuf.o)
                0x0202ae04                __smakebuf
 .text          0x0202af48       0x58 /usr/local/openravenscar/sparc-ork-elf/lib/libc.a(mbtowc_r.o)
                0x0202af48                _mbtowc_r
 .text          0x0202afa0       0xd4 /usr/local/openravenscar/sparc-ork-elf/lib/libc.a(memchr.o)
                0x0202afa0                memchr
 .text          0x0202b074      0x110 /usr/local/openravenscar/sparc-ork-elf/lib/libc.a(memmove.o)
                0x0202b074                memmove
 .text          0x0202b184      0xd14 /usr/local/openravenscar/sparc-ork-elf/lib/libc.a(mprec.o)
                0x0202be4c                _mprec_log10
                0x0202b3f8                _hi0bits
                0x0202b184                _Balloc
                0x0202bc88                _d2b
                0x0202b568                _multiply
                0x0202bdbc                _ratio
                0x0202b338                _s2b
                0x0202b544                _i2b
                0x0202b478                _lo0bits
                0x0202b938                __mcmp
                0x0202b754                _pow5mult
                0x0202bafc                _ulp
                0x0202bb88                _b2d
                0x0202b254                _multadd
                0x0202b9a0                __mdiff
                0x0202b83c                _lshift
                0x0202b21c                _Bfree
 .text          0x0202be98      0x19c /usr/local/openravenscar/sparc-ork-elf/lib/libc.a(refill.o)
                0x0202beac                __srefill
 .text          0x0202c034       0x38 /usr/local/openravenscar/sparc-ork-elf/lib/libc.a(s_isinf.o)
                0x0202c034                isinf
 .text          0x0202c06c      0x104 /usr/local/openravenscar/sparc-ork-elf/lib/libc.a(stdio.o)
                0x0202c108                __sseek
                0x0202c06c                __sread
                0x0202c158                __sclose
                0x0202c0b8                __swrite
 .text          0x0202c170      0xedc /usr/local/openravenscar/sparc-ork-elf/lib/libc.a(strtod.o)
                0x0202c170                _strtod_r
                0x0202d030                strtodf
                0x0202d010                strtod
 .text          0x0202d04c      0x1d8 /usr/local/openravenscar/sparc-ork-elf/lib/libc.a(strtoul.o)
                0x0202d200                strtoul
                0x0202d04c                _strtoul_r
 .text          0x0202d224      0x228 /usr/local/openravenscar/sparc-ork-elf/lib/libc.a(ungetc.o)
                0x0202d2d4                ungetc
                0x0202d224                __submore
 .text          0x0202d44c       0x3c /usr/local/openravenscar/sparc-ork-elf/lib/libc.a(writer.o)
                0x0202d44c                _write_r
 .text          0x0202d488       0xa8 /usr/local/openravenscar/sparc-ork-elf/lib/libc.a(callocr.o)
                0x0202d488                _calloc_r
 .text          0x0202d530       0x34 /usr/local/openravenscar/sparc-ork-elf/lib/libc.a(closer.o)
                0x0202d530                _close_r
 .text          0x0202d564       0x38 /usr/local/openravenscar/sparc-ork-elf/lib/libc.a(fstatr.o)
                0x0202d564                _fstat_r
 .text          0x0202d59c       0x3c /usr/local/openravenscar/sparc-ork-elf/lib/libc.a(lseekr.o)
                0x0202d59c                _lseek_r
 .text          0x0202d5d8       0x3c /usr/local/openravenscar/sparc-ork-elf/lib/libc.a(readr.o)
                0x0202d5d8                _read_r
 .text          0x0202d614      0x134 /usr/local/openravenscar/sparc-ork-elf/lib/libork.a(ada_exceptions.o)
                0x0202d614                Instruction_Access_Exception
                0x0202d6f0                Division_By_Zero
                0x0202d6c4                Stack_Overflow
                0x0202d640                Illegal_Instruction
                0x0202d71c                Integer_Overflow
                0x0202d698                FP_Exception
                0x0202d66c                Address_Not_Aligned
 .text          0x0202d748       0x1c /usr/local/openravenscar/sparc-ork-elf/lib/libork.a(close.o)
                0x0202d748                close
 .text          0x0202d764       0x30 /usr/local/openravenscar/sparc-ork-elf/lib/libork.a(execv.o)
                0x0202d764                execv
 .text          0x0202d794       0x28 /usr/local/openravenscar/sparc-ork-elf/lib/libork.a(fork.o)
                0x0202d794                fork
 .text          0x0202d7bc       0x30 /usr/local/openravenscar/sparc-ork-elf/lib/libork.a(fstat.o)
                0x0202d7bc                fstat
 .text          0x0202d7ec       0x30 /usr/local/openravenscar/sparc-ork-elf/lib/libork.a(getcwd.o)
                0x0202d7ec                getcwd
 .text          0x0202d81c       0x30 /usr/local/openravenscar/sparc-ork-elf/lib/libork.a(getpid.o)
                0x0202d81c                getpid
                0x0202d834                getppid
 .text          0x0202d84c       0x84 /usr/local/openravenscar/sparc-ork-elf/lib/libork.a(isatty.o)
                0x0202d84c                isatty
 .text          0x0202d8d0       0x3c /usr/local/openravenscar/sparc-ork-elf/lib/libork.a(kill.o)
                0x0202d8d0                kill
 .text          0x0202d90c       0x30 /usr/local/openravenscar/sparc-ork-elf/lib/libork.a(link.o)
                0x0202d90c                link
 .text          0x0202d93c       0x34 /usr/local/openravenscar/sparc-ork-elf/lib/libork.a(lseek.o)
                0x0202d93c                lseek
 .text          0x0202d970       0x34 /usr/local/openravenscar/sparc-ork-elf/lib/libork.a(open.o)
                0x0202d970                open
 .text          0x0202d9a4      0x148 /usr/local/openravenscar/sparc-ork-elf/lib/libork.a(read.o)
                0x0202d9a4                read
 .text          0x0202daec       0x34 /usr/local/openravenscar/sparc-ork-elf/lib/libork.a(readdir.o)
                0x0202daec                readdir
 .text          0x0202db20       0x20 /usr/local/openravenscar/sparc-ork-elf/lib/libork.a(mkdir.o)
                0x0202db20                mkdir
 .text          0x0202db40       0xb0 /usr/local/openravenscar/sparc-ork-elf/lib/libork.a(sbrk.o)
                0x0202db40                sbrk
 .text          0x0202dbf0       0x30 /usr/local/openravenscar/sparc-ork-elf/lib/libork.a(stat.o)
                0x0202dbf0                stat
 .text          0x0202dc20       0x2c /usr/local/openravenscar/sparc-ork-elf/lib/libork.a(unlink.o)
                0x0202dc20                unlink
 .text          0x0202dc4c       0x2c /usr/local/openravenscar/sparc-ork-elf/lib/libork.a(wait.o)
                0x0202dc4c                wait
 .text          0x0202dc78       0xec /usr/local/openravenscar/sparc-ork-elf/lib/libork.a(write.o)
                0x0202dc78                write
 *fill*         0x0202dd64        0xc
                0x0202dd70                .=ALIGN(0x10)
 *(.eh_frame)
 .eh_frame      0x0202dd70      0x11c /usr/local/openravenscar/lib/gcc-lib/sparc-ork-elf/2.8.1/adalib/libgnat.a(a-init.o)
 .eh_frame      0x0202de8c       0x24 /usr/local/openravenscar/lib/gcc-lib/sparc-ork-elf/2.8.1/libgcc.a(__dummy.o)
 .eh_frame      0x0202deb0       0x24 /usr/local/openravenscar/lib/gcc-lib/sparc-ork-elf/2.8.1/libgcc.a(_ashldi3.o)
 .eh_frame      0x0202ded4       0x24 /usr/local/openravenscar/lib/gcc-lib/sparc-ork-elf/2.8.1/libgcc.a(_cmpdi2.o)
 .eh_frame      0x0202def8       0x2c /usr/local/openravenscar/lib/gcc-lib/sparc-ork-elf/2.8.1/libgcc.a(_divdi3.o)
 .eh_frame      0x0202df24       0x2c /usr/local/openravenscar/lib/gcc-lib/sparc-ork-elf/2.8.1/libgcc.a(_fixsfdi.o)
 .eh_frame      0x0202df50       0x2c /usr/local/openravenscar/lib/gcc-lib/sparc-ork-elf/2.8.1/libgcc.a(_fixunsdfdi.o)
 .eh_frame      0x0202df7c       0x2c /usr/local/openravenscar/lib/gcc-lib/sparc-ork-elf/2.8.1/libgcc.a(_fixunssfdi.o)
 .eh_frame      0x0202dfa8       0x28 /usr/local/openravenscar/lib/gcc-lib/sparc-ork-elf/2.8.1/libgcc.a(_floatdidf.o)