Archive member included       because of file (symbol)

/usr/local/openravenscar/lib/gcc-lib/sparc-ork-elf/2.8.1/adalib/libgnarl.a(a-reatim.o)
                              ./devices.o (ada__real_time__clock)
/usr/local/openravenscar/lib/gcc-lib/sparc-ork-elf/2.8.1/adalib/libgnarl.a(a-retide.o)
                              ./add.o (ada__real_time__delays__delay_until)
/usr/local/openravenscar/lib/gcc-lib/sparc-ork-elf/2.8.1/adalib/libgnarl.a(s-taprob.o)
                              ./devices.o (system__tasking__protected_objects__initialize_protection)
/usr/local/openravenscar/lib/gcc-lib/sparc-ork-elf/2.8.1/adalib/libgnarl.a(s-taprop.o)
                              /usr/local/openravenscar/lib/gcc-lib/sparc-ork-elf/2.8.1/adalib/libgnarl.a(a-retide.o) (system__task_primitives__operations__self)
/usr/local/openravenscar/lib/gcc-lib/sparc-ork-elf/2.8.1/adalib/libgnarl.a(s-tarest.o)
                              ./add.o (system__tasking__restricted__stages__create_restricted_task)
/usr/local/openravenscar/lib/gcc-lib/sparc-ork-elf/2.8.1/adalib/libgnarl.a(s-tasdeb.o)
                              b~main.o (system__tasking__debug___elabs)
/usr/local/openravenscar/lib/gcc-lib/sparc-ork-elf/2.8.1/adalib/libgnarl.a(s-taskin.o)
                              /usr/local/openravenscar/lib/gcc-lib/sparc-ork-elf/2.8.1/adalib/libgnarl.a(s-tasdeb.o) (system__tasking__task_statesT)
/usr/local/openravenscar/lib/gcc-lib/sparc-ork-elf/2.8.1/adalib/libgnarl.a(s-taspri.o)
                              /usr/local/openravenscar/lib/gcc-lib/sparc-ork-elf/2.8.1/adalib/libgnarl.a(s-taskin.o) (system__task_primitives___init_proc)
/usr/local/openravenscar/lib/gcc-lib/sparc-ork-elf/2.8.1/adalib/libgnarl.a(kernel-interrupts.o)
                              b~main.o (kernel__interrupts___elabb)
/usr/local/openravenscar/lib/gcc-lib/sparc-ork-elf/2.8.1/adalib/libgnarl.a(kernel-threads.o)
                              b~main.o (kernel__threads___elabs)
/usr/local/openravenscar/lib/gcc-lib/sparc-ork-elf/2.8.1/adalib/libgnarl.a(kernel-threads-atcb.o)
                              /usr/local/openravenscar/lib/gcc-lib/sparc-ork-elf/2.8.1/adalib/libgnarl.a(s-taprop.o) (kernel__threads__atcb__set_atcb)
/usr/local/openravenscar/lib/gcc-lib/sparc-ork-elf/2.8.1/adalib/libgnarl.a(kernel-threads-queues.o)
                              /usr/local/openravenscar/lib/gcc-lib/sparc-ork-elf/2.8.1/adalib/libgnarl.a(s-taprop.o) (running_thread)
/usr/local/openravenscar/lib/gcc-lib/sparc-ork-elf/2.8.1/adalib/libgnarl.a(kernel-threads-protection.o)
                              /usr/local/openravenscar/lib/gcc-lib/sparc-ork-elf/2.8.1/adalib/libgnarl.a(kernel-threads.o) (kernel__threads__protection__dispatch)
/usr/local/openravenscar/lib/gcc-lib/sparc-ork-elf/2.8.1/adalib/libgnarl.a(kernel-time.o)
                              /usr/local/openravenscar/lib/gcc-lib/sparc-ork-elf/2.8.1/adalib/libgnarl.a(s-taprop.o) (kernel_clock)
/usr/local/openravenscar/lib/gcc-lib/sparc-ork-elf/2.8.1/adalib/libgnarl.a(kernel-memory.o)
                              /usr/local/openravenscar/sparc-ork-elf/lib/ada_crt0.o (environment_stack)
/usr/local/openravenscar/lib/gcc-lib/sparc-ork-elf/2.8.1/adalib/libgnarl.a(kernel-cpu_primitives.o)
                              /usr/local/openravenscar/lib/gcc-lib/sparc-ork-elf/2.8.1/adalib/libgnarl.a(kernel-threads-protection.o) (kernel__cpu_primitives__context_switch)
/usr/local/openravenscar/lib/gcc-lib/sparc-ork-elf/2.8.1/adalib/libgnarl.a(kernel-peripherals-registers.o)
                              b~main.o (kernel__peripherals__registers___elabs)
/usr/local/openravenscar/lib/gcc-lib/sparc-ork-elf/2.8.1/adalib/libgnarl.a(kernel-peripherals.o)
                              /usr/local/openravenscar/lib/gcc-lib/sparc-ork-elf/2.8.1/adalib/libgnarl.a(kernel-interrupts.o) (kernel__peripherals__to_vector)
/usr/local/openravenscar/lib/gcc-lib/sparc-ork-elf/2.8.1/adalib/libgnarl.a(kernel-serial_output.o)
                              ./devices.o (kernel__serial_output__put__2)
/usr/local/openravenscar/lib/gcc-lib/sparc-ork-elf/2.8.1/adalib/libgnarl.a(context.o)
                              /usr/local/openravenscar/sparc-ork-elf/lib/ada_crt0.o (context_trap)
/usr/local/openravenscar/lib/gcc-lib/sparc-ork-elf/2.8.1/adalib/libgnarl.a(install_handler.o)
                              /usr/local/openravenscar/sparc-ork-elf/lib/ada_crt0.o (FP_Save_Pending)
/usr/local/openravenscar/lib/gcc-lib/sparc-ork-elf/2.8.1/adalib/libgnarl.a(int_level.o)
                              /usr/local/openravenscar/lib/gcc-lib/sparc-ork-elf/2.8.1/adalib/libgnarl.a(kernel-threads-protection.o) (disable_interrupts)
/usr/local/openravenscar/lib/gcc-lib/sparc-ork-elf/2.8.1/adalib/libgnat.a(a-except.o)
                              b~main.o (ada__exceptions___elabs)
/usr/local/openravenscar/lib/gcc-lib/sparc-ork-elf/2.8.1/adalib/libgnat.a(a-filico.o)
                              b~main.o (ada__finalization__list_controller___elabs)
[...]
Memory Configuration

Name             Origin             Length             Attributes
rom              0x00000000         0x00200000         xr
ram              0x02000000         0x003f8000         xrw
*default*        0x00000000         0xffffffff

Linker script and memory map

                0x00200000                PROM_SIZE=0x200000
                0x00400000                RAM_SIZE=0x400000
                0x00000000                PROM_START=0x0
                0x00200000                PROM_END=(PROM_START+PROM_SIZE)
                0x02000000                RAM_START=0x2000000
                0x02400000                RAM_END=(RAM_START+RAM_SIZE)

.text           0x02000000    0x2dd90
 CREATE_OBJECT_SYMBOLS
                0x02000000                text_start=.
 *(.text)
 .text          0x02000000     0x1384 /usr/local/openravenscar/sparc-ork-elf/lib/ada_crt0.o
                0x020011bc                __exit
                0x02000000                trap_table
                0x02000000                start
                0x020011bc                _exit
 .text          0x02001384      0x244 b~main.o
                0x020015b0                ada_main___elabb
                0x02001384                adainit
                0x02001530                main
                0x02001514                adafinal
 .text          0x020015c8       0x1c ./main.o
                0x020015c8                _ada_main
 .text          0x020015e4     0x1dcc ./devices.o
                0x0200289c                devices__display_electrodes_sample
                0x02001644                devices__reading_sensors
                0x020015e4                devices___init_proc
                0x02003014                devices(bool,...)(...)( *)
                0x02001c54                devices__reading_eyesimage
                0x02003300                devices___elabb
                0x02002bb4                devices__display_cronometro
                0x02002f2c                devices__light
                0x020032a4                devices__activate_automatic_driving
                0x02001bf4                devices___init_proc__2
                0x02002988                devices__display_eyes_sample
                0x020027b8                devices__display_pulse_rate
 .text          0x020033b0      0x9a8 ./workload.o
                0x020033b0                workload___elabs
                0x020037b0                workload__small_whetstone
                0x02003d40                workload___elabb
 .text          0x02003d58      0x848 ./tools.o
                0x02004570                tools___elabb
                0x020044fc                tools__execution_time
                0x0200444c                tools__finishing_notice
                0x0200439c                tools__starting_notice
                0x02003d58                tools___elabs
                0x02004044                tools__print_an_integer
                0x020041fc                tools__print_a_float
                0x02003da4                tools__current_time
 .text          0x020045a0      0xedc ./add.o
                0x0200465c                add___init_proc__3
                0x020045a0                add___init_proc
                0x020046d8                add__background
                0x02005174                add___elabb
                0x020045e0                add___init_proc__2
 .text          0x0200547c      0x5e4 /usr/local/openravenscar/lib/gcc-lib/sparc-ork-elf/2.8.1/adalib/libgnarl.a(a-reatim.o)
                0x020054a8                ada__real_time__Oadd__2
                0x0200567c                ada__real_time__split
                0x02005498                ada__real_time__Oadd
                0x020054f8                ada__real_time__Osubtract__4
                0x020055fc                ada__real_time__nanoseconds
                0x02005568                ada__real_time__Odivide__2
                0x02005524                ada__real_time__Odivide
                0x020054d8                ada__real_time__Osubtract__2
                0x020055ec                ada__real_time__to_duration
                0x02005994                ada__real_time__time_of
                0x020054b8                ada__real_time__Oadd__3
                0x0200564c                ada__real_time__milliseconds
                0x0200547c                ada__real_time__clock
                0x02005620                ada__real_time__microseconds
                0x020054c8                ada__real_time__Osubtract
                0x020054e8                ada__real_time__Osubtract__3
                0x020055f4                ada__real_time__to_time_span
                0x020055c0                ada__real_time__Omultiply__2
                0x02005594                ada__real_time__Omultiply
 .text          0x02005a60       0x68 /usr/local/openravenscar/lib/gcc-lib/sparc-ork-elf/2.8.1/adalib/libgnarl.a(a-retide.o)
                0x02005aa4                ada__real_time__delays__to_duration
                0x02005a60                ada__real_time__delays__delay_until
 .text          0x02005ac8      0x10c /usr/local/openravenscar/lib/gcc-lib/sparc-ork-elf/2.8.1/adalib/libgnarl.a(s-taprob.o)
                0x02005bb4                system__tasking__protected_objects___init_proc
                0x02005b84                system__tasking__protected_objects__unlock
                0x02005af4                system__tasking__protected_objects__lock
                0x02005bc0                system__tasking__protected_objects___init_proc__2
                0x02005ac8                system__tasking__protected_objects__initialize_protection
                0x02005b3c                system__tasking__protected_objects__lock_read_only
                0x02005b9c                system__tasking__protected_objects__finalize_protection
 .text          0x02005bd4      0x978 /usr/local/openravenscar/lib/gcc-lib/sparc-ork-elf/2.8.1/adalib/libgnarl.a(s-taprop.o)
                0x02005e54                system__task_primitives__operations__get_priority
                0x02005ccc                system__task_primitives__operations__unlock__2
                0x0200602c                system__task_primitives__operations__check_no_locks
                0x02005c50                system__task_primitives__operations__write_lock
                0x0200608c                system__task_primitives__operations__resume_task
                0x0200610c                system__task_primitives__operations___elabb
                0x02005d98                system__task_primitives__operations__clock
                0x02005c6c                system__task_primitives__operations__write_lock__2
                0x02005c0c                system__task_primitives__operations__get_thread_id
                0x02005d20                system__task_primitives__operations__timed_delay
                0x02005e34                system__task_primitives__operations__set_priority
                0x02005cfc                system__task_primitives__operations__timed_sleep
                0x02005bf0                system__task_primitives__operations__self
                0x02005ce4                system__task_primitives__operations__sleep
                0x02006010                system__task_primitives__operations__set_exit_task_procedure
                0x02005cb8                system__task_primitives__operations__unlock
                0x02006044                system__task_primitives__operations__environment_task
                0x02005c18                system__task_primitives__operations__initialize_lock
                0x02006340                system__task_primitives__operations___init_proc
                0x02005ff4                system__task_primitives__operations__exit_task
                0x02005dbc                system__task_primitives__operations__wakeup
                0x02005bd4                system__task_primitives__operations__set
                0x0200601c                system__task_primitives__operations__abort_task
                0x02006050                system__task_primitives__operations__lock_all_tasks_list
                0x02005c84                system__task_primitives__operations__write_lock__3
                0x02005fe4                system__task_primitives__operations__finalize_tcb
                0x02005ed0                system__task_primitives__operations__new_atcb
                0x02006084                system__task_primitives__operations__suspend_task
                0x02005dd0                system__task_primitives__operations__yield
                0x0200606c                system__task_primitives__operations__unlock_all_tasks_list
                0x02006094                system__task_primitives__operations__initialize
                0x02006024                system__task_primitives__operations__check_exit
                0x02005f48                system__task_primitives__operations__initialize_tcb
                0x02005c04                system__task_primitives__operations__stack_guard
                0x02005c48                system__task_primitives__operations__finalize_lock
                0x02005fec                system__task_primitives__operations__default_exit_task_procedure
                0x02005f84                system__task_primitives__operations__create_task
                0x02005c30                system__task_primitives__operations__initialize_lock__2
                0x02005c9c                system__task_primitives__operations__read_lock
                0x02005e6c                system__task_primitives__operations__enter_task
 .text          0x0200654c      0x924 /usr/local/openravenscar/lib/gcc-lib/sparc-ork-elf/2.8.1/adalib/libgnarl.a(s-tarest.o)
                0x020067c0                system__tasking__restricted__stages__create_restricted_task
                0x02006cc0                system__tasking__restricted__stages__restricted_terminated
                0x020069d0                system__tasking__restricted__stages__activate_restricted_tasks
                0x02006b90                system__tasking__restricted__stages__complete_restricted_activation
                0x02006cd4                system__tasking__restricted__stages__finalize_global_tasks
                0x02006d28                system__tasking__restricted__stages___elabb
                0x02006c60                system__tasking__restricted__stages__complete_restricted_task
 .text          0x02006e70      0xf44 /usr/local/openravenscar/lib/gcc-lib/sparc-ork-elf/2.8.1/adalib/libgnarl.a(s-tasdeb.o)
                0x02007ae8                system__tasking__debug__image
                0x02007d8c                system__tasking__debug___init_proc__2
                0x020077c4                system__tasking__debug__print_current_task
                0x02007a38                system__tasking__debug__trace__2
                0x02006e70                system__tasking__debug___elabs
                0x020077e0                system__tasking__debug__list_tasks
                0x02007c90                system__tasking__debug__resume_all_tasks
                0x02006ee8                system__tasking__debug__set_user_state
                0x02007610                system__tasking__debug__print_task_info_header
                0x02007d4c                system__tasking__debug___init_proc
                0x02006ed4                system__tasking__debug__self
                0x02007cc8                system__tasking__debug___elabb
                0x02007820                system__tasking__debug__print_accept_info
                0x02007ad4                system__tasking__debug__set_trace
                0x020078e4                system__tasking__debug__trace
                0x02007a6c                system__tasking__debug__trace__3
                0x02007aa0                system__tasking__debug__trace__4
                0x020071d0                system__tasking__debug__print_task_info
                0x02006ecc                system__tasking__debug__task_termination_hook
                0x02006ec4                system__tasking__debug__task_creation_hook
                0x02007c58                system__tasking__debug__suspend_all_tasks
 .text          0x02007db4      0x75c /usr/local/openravenscar/lib/gcc-lib/sparc-ork-elf/2.8.1/adalib/libgnarl.a(s-taskin.o)
                0x020081c8                system__tasking___init_proc__3
                0x02008470                system__tasking___init_proc__8
                0x02008430                system__tasking___init_proc__7
                0x02007db4                system__tasking__self
                0x02008190                system__tasking___init_proc__2
                0x02007ef0                system__tasking___elabb
                0x02008244                system__tasking___init_proc__4
                0x0200847c                system__tasking___init_proc__9
                0x0200813c                system__tasking___init_proc
                0x02008298                system__tasking___init_proc__6
                0x02007dc8                system__tasking__initialize_atcb
                0x02008250                system__tasking___init_proc__5
 .text          0x02008510       0x14 /usr/local/openravenscar/lib/gcc-lib/sparc-ork-elf/2.8.1/adalib/libgnarl.a(s-taspri.o)
                0x02008510                system__task_primitives___init_proc
 .text          0x02008524      0x1f0 /usr/local/openravenscar/lib/gcc-lib/sparc-ork-elf/2.8.1/adalib/libgnarl.a(kernel-interrupts.o)
                0x020085ec                kernel_detach_interrupt_handler
                0x02008634                kernel__interrupts___elabb
                0x02008524                kernel__interrupts__null_handler
                0x0200852c                kernel__interrupts__wrapper
                0x02008614                kernel_current_interrupt_handler
                0x0200858c                kernel_attach_interrupt_handler
                0x020086b8                kernel__interrupts___init_proc__2
                0x020086a0                kernel__interrupts___init_proc
 .text          0x02008714      0x5dc /usr/local/openravenscar/lib/gcc-lib/sparc-ork-elf/2.8.1/adalib/libgnarl.a(kernel-threads.o)
                0x02008714                kernel__threads___elabs
                0x02008cb4                kernel__threads___init_proc__3
                0x02008984                kernel_yield
                0x02008a84                kernel_check_no_mutexes
                0x02008a94                kernel_condition_init
                0x020088e4                kernel__threads__set_active_priority
                0x02008898                kernel_set_priority
                0x02008b58                kernel_condition_signal
                0x02008bb8                kernel_thread_create
                0x020087a0                kernel__threads__default_dummy_task_function
                0x02008c80                kernel_thread_self
                0x02008750                kernel__threads__thread_caller
                0x02008a9c                kernel_condition_wait
                0x020087b0                kernel_initialize
                0x02008a24                kernel_mutex_unlock
                0x020089cc                kernel_mutex_lock
                0x020089c0                kernel_mutex_init
                0x02008c90                kernel__threads___elabb
                0x02008ca0                kernel__threads___init_proc
                0x02008cac                kernel__threads___init_proc__2
                0x02008968                kernel_get_priority
 .text          0x02008cf0       0x28 /usr/local/openravenscar/lib/gcc-lib/sparc-ork-elf/2.8.1/adalib/libgnarl.a(kernel-threads-atcb.o)
                0x02008d08                kernel__threads__atcb___elabb
                0x02008cf8                kernel__threads__atcb__thread_self_atcb
                0x02008cf0                kernel__threads__atcb__set_atcb
 .text          0x02008d18      0x478 /usr/local/openravenscar/lib/gcc-lib/sparc-ork-elf/2.8.1/adalib/libgnarl.a(kernel-threads-queues.o)
                0x02008f30                kernel__threads__queues__insert_alarm
                0x02008dd4                kernel__threads__queues__insert_at_tail
                0x02008d30                kernel__threads__queues__insert_at_head
                0x02008ffc                kernel__threads__queues__extract_first_alarm
                0x02008ee4                kernel__threads__queues__get_new_thread_descriptor
                0x02009100                kernel__threads__queues___init_proc
                0x02008e78                kernel__threads__queues__extract_from_ready
                0x02009028                kernel__threads__queues__get_next_alarm_time
                0x0200905c                kernel__threads__queues___elabb
                0x02008ec0                kernel__threads__queues__next_running
                0x02008d24                kernel__threads__queues__environment_thread_id
                0x02008d18                kernel__threads__queues__dummy_thread_id
 .text          0x02009190      0x108 /usr/local/openravenscar/lib/gcc-lib/sparc-ork-elf/2.8.1/adalib/libgnarl.a(kernel-threads-protection.o)
                0x020091b4                kernel__threads__protection__leave_kernel
                0x02009190                kernel__threads__protection__dispatch
                0x02009288                kernel__threads__protection___elabb
                0x020091a0                kernel__threads__protection__enter_kernel
 .text          0x02009298      0x3c4 /usr/local/openravenscar/lib/gcc-lib/sparc-ork-elf/2.8.1/adalib/libgnarl.a(kernel-time.o)
                0x02009350                kernel_delay_until
                0x02009298                kernel_clock
                0x0200961c                kernel__time___elabb
 .text          0x0200965c       0x9c /usr/local/openravenscar/lib/gcc-lib/sparc-ork-elf/2.8.1/adalib/libgnarl.a(kernel-memory.o)
                0x020096b8                kernel__memory___elabb
                0x02009664                kernel_new_stack
                0x0200965c                kernel_new_memory_region
 .text          0x020096f8       0x88 /usr/local/openravenscar/lib/gcc-lib/sparc-ork-elf/2.8.1/adalib/libgnarl.a(kernel-cpu_primitives.o)
                0x020096f8                kernel__cpu_primitives__context_switch
                0x02009704                kernel__cpu_primitives__initialize_context
                0x02009770                kernel__cpu_primitives___elabb
 .text          0x02009780       0x44 /usr/local/openravenscar/lib/gcc-lib/sparc-ork-elf/2.8.1/adalib/libgnarl.a(kernel-peripherals-registers.o)
                0x02009780                kernel__peripherals__registers___elabs
 .text          0x020097c4      0x6ac /usr/local/openravenscar/lib/gcc-lib/sparc-ork-elf/2.8.1/adalib/libgnarl.a(kernel-peripherals.o)
                0x020097d4                kernel__peripherals__stop_watch_dog
                0x020097c4                kernel__peripherals__to_vector
                0x020097f0                kernel__peripherals__init_clock
                0x02009dbc                kernel__peripherals___elabb
                0x020098d4                kernel__peripherals__cancel_and_set_alarm
                0x020098b0                kernel__peripherals__init_board
                0x020098e8                kernel__peripherals__set_alarm
                0x02009a5c                kernel__peripherals__read_clock
                0x02009acc                kernel__peripherals__clear_alarm_interrupt
                0x02009cfc                kernel__peripherals__uart_send
                0x02009ad4                kernel__peripherals__clear_clock_interrupt
                0x02009c10                kernel__peripherals__init_uart
                0x020097e8                kernel__peripherals__memory_configuration
                0x02009adc                kernel__peripherals__protect_segment
                0x020097cc                kernel__peripherals__priority_of_interrupt
 .text          0x02009e70       0xe4 /usr/local/openravenscar/lib/gcc-lib/sparc-ork-elf/2.8.1/adalib/libgnarl.a(kernel-serial_output.o)
                0x02009ec8                kernel_new_line
                0x02009edc                kernel_put_line_c
                0x02009e88                kernel__serial_output__put__2
                0x02009e70                kernel_put_c
                0x02009ef8                kernel__serial_output__put_line__2
                0x02009f28                kernel__serial_output___elabb
 .text          0x02009f54      0x2dc /usr/local/openravenscar/lib/gcc-lib/sparc-ork-elf/2.8.1/adalib/libgnarl.a(context.o)
                0x0200a228                exit_from_context_switch
                0x02009f54                context_switch
                0x02009f60                context_trap
 .text          0x0200a230      0x60c /usr/local/openravenscar/lib/gcc-lib/sparc-ork-elf/2.8.1/adalib/libgnarl.a(install_handler.o)
                0x0200a2e8                set_next_running
                0x0200a230                enable_traps
                0x0200a294                install_trap_handler
                0x0200a244                install_int_handler
 .text          0x0200a83c       0x34 /usr/local/openravenscar/lib/gcc-lib/sparc-ork-elf/2.8.1/adalib/libgnarl.a(int_level.o)
                0x0200a83c                disable_interrupts
                0x0200a854                enable_interrupts
 .text          0x0200a870     0x25c0 /usr/local/openravenscar/lib/gcc-lib/sparc-ork-elf/2.8.1/adalib/libgnat.a(a-except.o)
                0x0200c0d8                ada__exceptions__sdp_table_sort_move
                0x0200c238                ada__exceptions__string_to_eid
                0x0200b8f4                __gnat_raise_nodefer_with_msg
                0x0200aaa0                ada__exceptions__current_target_exception
                0x0200ba6c                ada__exceptions__raise_from_signal_handler
                0x0200a8f0                ada__exceptions__address_image
                0x0200bcf0                ada__exceptions__save_occurrence
                0x0200c8d4                __gnat_notify_exception
                0x0200b5b4                ada__exceptions__propagate_exception
                0x0200b428                ada__exceptions__exception_name_simple
                0x0200bc44                __gnat_reraise
                0x0200b9d4                __gnat_raise_exception
                0x0200a870                ada__exceptions___elabs
                0x0200a9f8                __gnat_break_start
                0x0200a9e4                ada__exceptions__allocate_machine_state
                0x0200aac4                ada__exceptions__deallocate_machine_state
                0x0200ad78                ada__exceptions__exception_information
                0x0200bba4                __gnat_raise_storage_error
                0x0200ab34                ada__exceptions__eo_to_string
                0x0200c03c                ada__exceptions__sdp_table_sort_lt
                0x0200cd48                ada__exceptions__raise_exception_no_defer
                0x0200b334                ada__exceptions__exception_name__2
                0x0200cdf0                ada__exceptions__zzz
                0x0200a8e0                ada__exceptions__poll
                0x0200bbc4                ada__exceptions__raise_with_c_msg
                0x0200c968                ada__exceptions__unhandled_exception_terminate
                0x0200aad8                ada__exceptions__eid_to_string
                0x0200bd84                ada__exceptions__save_occurrence__2
                0x0200bb30                ada__exceptions__raise_with_location
                0x0200bb08                ada__exceptions__raise_no_msg
                0x0200b270                ada__exceptions__exception_message
                0x0200c108                ada__exceptions__set_exception_c_msg
                0x0200c360                ada__exceptions__string_to_eo
                0x0200bb64                __gnat_raise_constraint_error
                0x0200bc7c                ada__exceptions__reraise_occurrence
                0x0200cdf8                ada__exceptions___elabb
                0x0200ce20                ada__exceptions___init_proc
                0x0200b3f8                ada__exceptions__exception_name
                0x0200a8e8                ada__exceptions__aaa
                0x0200bcc4                ada__exceptions__reraise_occurrence_no_defer
                0x0200ab94                ada__exceptions__exception_identity
                0x0200bdb0                __gnat_SDP_Table_Build
                0x0200c8cc                __gnat_unhandled_exception
                0x0200aa00                ada__exceptions__call_chain
                0x0200bbf8                __gnat_raise_with_msg
                0x0200bb84                __gnat_raise_program_error
 .text          0x0200ce30      0x2ec /usr/local/openravenscar/lib/gcc-lib/sparc-ork-elf/2.8.1/adalib/libgnat.a(a-filico.o)
                0x0200ce7c                ada__finalization__list_controller___deep_finalize__2
                0x0200d0e8                ada__finalization__list_controller___init_proc__2
                0x0200d0ac                ada__finalization__list_controller__finalize
                0x0200ce6c                ada__finalization__list_controller___size__2
                0x0200d0c4                ada__finalization__list_controller___init_proc
                0x0200d078                ada__finalization__list_controller__finalize__2
                0x0200cea8                ada__finalization__list_controller___elabs
                0x0200ce30                ada__finalization__list_controller___size
                0x0200d060                ada__finalization__list_controller__initialize__2
                0x0200ce40                ada__finalization__list_controller___deep_finalize
 .text          0x0200d11c      0x560 /usr/local/openravenscar/lib/gcc-lib/sparc-ork-elf/2.8.1/adalib/libgnat.a(a-finali.o)
                0x0200d37c                ada__finalization___size__4
                0x0200d5fc                ada__finalization__initialize
                0x0200d614                ada__finalization__Oeq__2
                0x0200d63c                ada__finalization___init_proc
                0x0200d144                ada__finalization___write__3
                0x0200d634                ada__finalization__finalize__2
                0x0200d11c                ada__finalization___size__3
                0x0200d12c                ada__finalization___read__3
                0x0200d604                ada__finalization__adjust
                0x0200d65c                ada__finalization___init_proc__2
                0x0200d3b8                ada__finalization___elabs
                0x0200d60c                ada__finalization__finalize
                0x0200d328                ada__finalization___deep_adjust
                0x0200d62c                ada__finalization__initialize__2
                0x0200d15c                ada__finalization___assign__3
                0x0200d350                ada__finalization___deep_finalize
                0x0200d38c                ada__finalization___deep_finalize__2
 .text          0x0200d67c       0x6c /usr/local/openravenscar/lib/gcc-lib/sparc-ork-elf/2.8.1/adalib/libgnat.a(a-ioexce.o)
                0x0200d67c                ada__io_exceptions___elabs
 .text          0x0200d6e8     0x1e98 /usr/local/openravenscar/lib/gcc-lib/sparc-ork-elf/2.8.1/adalib/libgnat.a(a-nuelfu.o)
                0x0200f1a4                ada__numerics__elementary_functions__sinh
                0x0200e02c                ada__numerics__elementary_functions__arcsin
                0x0200de14                ada__numerics__elementary_functions__arccosh
                0x0200e258                ada__numerics__elementary_functions__arcsinh
                0x0200d6e8                ada__numerics__elementary_functions__Oexpon
                0x0200df28                ada__numerics__elementary_functions__arccoth
                0x0200df0c                ada__numerics__elementary_functions__arccot__2
                0x0200e100                ada__numerics__elementary_functions__arcsin__2
                0x0200e488                ada__numerics__elementary_functions__arctan__2
                0x0200dca8                ada__numerics__elementary_functions__arccos__2
                0x0200e788                ada__numerics__elementary_functions__cos
                0x0200f2b0                ada__numerics__elementary_functions__sqrt
                0x0200f3bc                ada__numerics__elementary_functions__tan__2
                0x0200f0a8                ada__numerics__elementary_functions__sin__2
                0x0200ef38                ada__numerics__elementary_functions__log__2
                0x0200e98c                ada__numerics__elementary_functions__cot__2
                0x0200f4ec                ada__numerics__elementary_functions__tanh
                0x0200eaf4                ada__numerics__elementary_functions__coth
                0x0200ee7c                ada__numerics__elementary_functions__log
                0x0200e838                ada__numerics__elementary_functions__cosh
                0x0200def4                ada__numerics__elementary_functions__arccot
                0x0200e378                ada__numerics__elementary_functions__arctan
                0x0200f060                ada__numerics__elementary_functions__sin
                0x0200dba8                ada__numerics__elementary_functions__arccos
                0x0200e7f4                ada__numerics__elementary_functions__cos__2
                0x0200f334                ada__numerics__elementary_functions__tan
                0x0200ebe8                ada__numerics__elementary_functions__exp
                0x0200e8e4                ada__numerics__elementary_functions__cot
                0x0200e5fc                ada__numerics__elementary_functions__arctanh
 .text          0x0200f580       0x18 /usr/local/openravenscar/lib/gcc-lib/sparc-ork-elf/2.8.1/adalib/libgnat.a(a-numeri.o)
                0x0200f580                ada__numerics___elabs
 .text          0x0200f598       0xc0 /usr/local/openravenscar/lib/gcc-lib/sparc-ork-elf/2.8.1/adalib/libgnat.a(a-stream.o)
                0x0200f5b0                ada__streams___elabs
                0x0200f5a8                ada__streams___deep_finalize
                0x0200f598                ada__streams___size
                0x0200f648                ada__streams___init_proc
 .text          0x0200f658      0x934 /usr/local/openravenscar/lib/gcc-lib/sparc-ork-elf/2.8.1/adalib/libgnat.a(a-tags.o)
                0x0200fcc0                ada__tags__length
                0x0200ff2c                ada__tags___init_proc
                0x0200f7cc                ada__tags__external_tag_htable__removeXn
                0x0200fde4                ada__tags__get_rc_offset
                0x0200ff00                ada__tags__set_remotely_callable
                0x0200fec8                ada__tags__set_prim_op_address
                0x0200fea8                ada__tags__register_tag
                0x0200fe48                ada__tags__inherit_tsd
                0x0200f658                ada__tags___elabs
                0x0200fdc0                ada__tags__get_expanded_name
                0x0200fedc                ada__tags__set_expanded_name
                0x0200fdf0                ada__tags__get_remotely_callable
                0x0200f9e8                ada__tags__expanded_name
                0x0200f670                ada__tags__external_tag_htable__getXn
                0x0200fdd8                ada__tags__get_inheritance_depth
                0x0200fe08                ada__tags__get_tsd
                0x0200f8c4                ada__tags__external_tag_htable__setXn
                0x0200fd80                ada__tags__cw_membership
                0x0200fe10                ada__tags__inherit_dt
                0x0200f718                ada__tags__external_tag_htable__get_nextXn
                0x0200faf0                ada__tags__get_external_tag
                0x0200fb14                ada__tags__internal_tag
                0x0200ff34                ada__tags___init_proc__2
                0x0200fd1c                ada__tags___elabb
                0x0200fed4                ada__tags__set_tsd
                0x0200fee8                ada__tags__set_external_tag
                0x0200f938                ada__tags__get_ht_link
                0x0200fcf4                ada__tags__parent_size
                0x0200f900                ada__tags__equal
                0x0200f6e4                ada__tags__external_tag_htable__get_firstXn
                0x0200febc                ada__tags__set_inheritance_depth
                0x0200fa6c                ada__tags__external_tag
                0x0200f754                ada__tags__external_tag_htable__get_non_nullXn
                0x0200fdcc                ada__tags__get_prim_op_address
                0x0200fef4                ada__tags__set_rc_offset
                0x0200f9a4                ada__tags__hash
                0x0200f884                ada__tags__external_tag_htable__resetXn
                0x0200f9dc                ada__tags__set_ht_link
                0x0200ff40                ada__tags__external_tag_htable___init_procXn
 .text          0x0200ff8c      0x25c /usr/local/openravenscar/lib/gcc-lib/sparc-ork-elf/2.8.1/adalib/libgnat.a(g-except.o)
                0x020100d8                gnat__exceptions___deep_finalize
                0x0200ffa4                gnat__exceptions___write
                0x0200ffe0                gnat__exceptions___output
                0x02010000                gnat__exceptions___assign
                0x0200ffac                gnat__exceptions___input
                0x020100e0                gnat__exceptions___elabs
                0x0200ff9c                gnat__exceptions___read
                0x0200ff8c                gnat__exceptions___size
                0x020101d8                gnat__exceptions___init_proc
                0x0200fff8                gnat__exceptions__Oeq
                0x020100d0                gnat__exceptions___deep_adjust
 .text          0x020101e8      0x174 /usr/local/openravenscar/lib/gcc-lib/sparc-ork-elf/2.8.1/adalib/libgnat.a(g-hesora.o)
                0x020102b8                gnat__heap_sort_a__sort
 .text          0x0201035c      0xc6c /usr/local/openravenscar/lib/gcc-lib/sparc-ork-elf/2.8.1/adalib/libgnat.a(i-c.o)
                0x02010c6c                interfaces__c__to_c__4
                0x020107ac                interfaces__c__to_ada__6
                0x020103c0                interfaces__c__is_nul_terminated__2
                0x02010410                interfaces__c__to_ada
                0x02010418                interfaces__c__to_ada__2
                0x020108d4                interfaces__c__to_c
                0x02010374                interfaces__c__is_nul_terminated
                0x02010e20                interfaces__c__to_c__6
                0x0201054c                interfaces__c__to_ada__3
                0x0201035c                interfaces__c___elabs
                0x02010ad4                interfaces__c__to_c__3
                0x0201066c                interfaces__c__to_ada__5
                0x02010c74                interfaces__c__to_c__5
                0x020108dc                interfaces__c__to_c__2
                0x02010664                interfaces__c__to_ada__4
 .text          0x02010fc8     0x13b4 /usr/local/openravenscar/lib/gcc-lib/sparc-ork-elf/2.8.1/adalib/libgnat.a(s-arit64.o)
                0x02011104                system__arith_64__hi
                0x020116ac                system__arith_64__scaled_divide
                0x0201167c                system__arith_64__raise_error
                0x0201107c                system__arith_64__Odivide
                0x02010ff0                system__arith_64__Oadd__2
                0x020122a8                system__arith_64__subtract_with_ovflo_check
                0x02011020                system__arith_64__Omultiply
                0x02011114                system__arith_64__lo
                0x02011050                system__arith_64__Omultiply__2
                0x02011188                system__arith_64__double_divide
                0x02011478                system__arith_64__multiply_with_ovflo_check
                0x0201235c                system__arith_64__to_pos_int
                0x02010fc8                system__arith_64__Oadd
                0x020110d4                system__arith_64__Oconcat
                0x02012324                system__arith_64__to_neg_int
                0x020110a8                system__arith_64__Orem
                0x0201111c                system__arith_64__add_with_ovflo_check
                0x02011008                system__arith_64__Osubtract
 .text          0x0201237c      0x16c /usr/local/openravenscar/lib/gcc-lib/sparc-ork-elf/2.8.1/adalib/libgnat.a(s-except.o)
                0x020123a0                system__exceptions___init_proc
                0x0201237c                system__exceptions___elabs
                0x02012448                system__exceptions___init_proc__4
                0x020123e8                system__exceptions___init_proc__3
                0x02012488                system__exceptions___init_proc__5
                0x020123a8                system__exceptions___init_proc__2
 .text          0x020124e8      0x54c /usr/local/openravenscar/lib/gcc-lib/sparc-ork-elf/2.8.1/adalib/libgnat.a(s-exctab.o)
                0x020127fc                system__exception_table__get_key
                0x02012590                system__exception_table__exception_htable__get_nextXn
                0x020127c4                system__exception_table__equal
                0x0201273c                system__exception_table__exception_htable__setXn
                0x020129e8                system__exception_table__exception_htable___init_procXn
                0x020124e8                system__exception_table__exception_htable__getXn
                0x02012780                system__exception_table__get_ht_link
                0x020126fc                system__exception_table__exception_htable__resetXn
                0x02012778                system__exception_table__set_ht_link
                0x02012804                system__exception_table__internal_exception
                0x020125cc                system__exception_table__exception_htable__get_non_nullXn
                0x02012788                system__exception_table__hash
                0x0201255c                system__exception_table__exception_htable__get_firstXn
                0x02012938                system__exception_table___elabb
                0x02012924                system__exception_table__register_exception
                0x02012644                system__exception_table__exception_htable__removeXn
 .text          0x02012a34      0x1c4 /usr/local/openravenscar/lib/gcc-lib/sparc-ork-elf/2.8.1/adalib/libgnat.a(s-exnflt.o)
                0x02012a34                system__exn_flt__exn_float
 .text          0x02012bf8      0xb2c /usr/local/openravenscar/lib/gcc-lib/sparc-ork-elf/2.8.1/adalib/libgnat.a(s-fatflt.o)
                0x020135ac                system__fat_flt__fat_float__truncation
                0x02012d3c                system__fat_flt__fat_float__decompose
                0x020130d0                system__fat_flt__fat_float__model
                0x02012fd8                system__fat_flt__fat_float__floor
                0x020130e4                system__fat_flt__fat_float__pred
                0x020133ac                system__fat_flt__fat_float__scaling
                0x02013060                system__fat_flt__fat_float__leading_part
                0x0201365c                system__fat_flt__fat_float__unbiased_rounding
                0x02012c50                system__fat_flt__fat_float__ceiling
                0x02012cb0                system__fat_flt__fat_float__compose
                0x02012fb0                system__fat_flt__fat_float__exponent
                0x02013038                system__fat_flt__fat_float__fraction
                0x02012f28                system__fat_flt__fat_float__gradual_scaling
                0x0201319c                system__fat_flt__fat_float__remainder
                0x02013324                system__fat_flt__fat_float__rounding
                0x02012bf8                system__fat_flt__fat_float__adjacent
                0x020134c4                system__fat_flt__fat_float__succ
                0x02013704                system__fat_flt__fat_float__valid
                0x02012ce0                system__fat_flt__fat_float__copy_sign
                0x020130bc                system__fat_flt__fat_float__machine
 .text          0x02013724     0x13dc /usr/local/openravenscar/lib/gcc-lib/sparc-ork-elf/2.8.1/adalib/libgnat.a(s-finimp.o)
                0x02014944                system__finalization_implementation__deep_tag_attach
                0x02013950                system__finalization_implementation___read__2
                0x02013fa4                system__finalization_implementation__detach_from_final_list
                0x020137e8                system__finalization_implementation___output
                0x02014400                system__finalization_implementation__finalize_list
                0x02013a1c                system__finalization_implementation__Oeq__2
                0x02014ad0                system__finalization_implementation___init_proc__2
                0x02013848                system__finalization_implementation___assign
                0x020149fc                system__finalization_implementation__initialize__2
                0x02013e08                system__finalization_implementation__attach_to_final_list
                0x020147a8                system__finalization_implementation__deep_tag_adjust
                0x02013a64                system__finalization_implementation___assign__2
                0x02013800                system__finalization_implementation__Oeq
                0x02013790                system__finalization_implementation___input
                0x0201376c                system__finalization_implementation___write
                0x020146b8                system__finalization_implementation__deep_tag_initialize
                0x020149f4                system__finalization_implementation__initialize
                0x02014aac                system__finalization_implementation___init_proc
                0x02013974                system__finalization_implementation___write__2
                0x02013b64                system__finalization_implementation___elabs
                0x02013a04                system__finalization_implementation___output__2
                0x02013998                system__finalization_implementation___input__2
                0x02013734                system__finalization_implementation___read
                0x0201456c                system__finalization_implementation__finalize_one
                0x02014874                system__finalization_implementation__deep_tag_finalize
                0x02014544                system__finalization_implementation__finalize_global_list
                0x02014a98                system__finalization_implementation__finalize
                0x02013940                system__finalization_implementation___size__2
                0x02014a64                system__finalization_implementation__adjust__2
                0x02013724                system__finalization_implementation___size
 .text          0x02014b00      0x658 /usr/local/openravenscar/lib/gcc-lib/sparc-ork-elf/2.8.1/adalib/libgnat.a(s-finroo.o)
                0x02014b00                system__finalization_root___size
                0x02015134                system__finalization_root___init_proc__2
                0x02014b10                system__finalization_root___read
                0x02014e48                system__finalization_root___elabs
                0x02014d00                system__finalization_root__Oeq__2
                0x02014c90                system__finalization_root___input__2
                0x02014b18                system__finalization_root___write
                0x02014b28                system__finalization_root___assign
                0x020150f4                system__finalization_root__finalize
                0x02014ce8                system__finalization_root___output__2
                0x02015094                system__finalization_root__initialize
                0x02014b20                system__finalization_root__Oeq
                0x02014c08                system__finalization_root___read__2
                0x02014c60                system__finalization_root___write__2
                0x02014bf8                system__finalization_root___size__2
                0x020150c4                system__finalization_root__adjust
                0x02014d58                system__finalization_root___assign__2
                0x02015124                system__finalization_root___init_proc
 .text          0x02015158      0x1b4 /usr/local/openravenscar/lib/gcc-lib/sparc-ork-elf/2.8.1/adalib/libgnat.a(s-imgint.o)
                0x02015294                system__img_int__set_image_integer
                0x02015158                system__img_int__image_integer
 .text          0x0201530c      0xbc8 /usr/local/openravenscar/lib/gcc-lib/sparc-ork-elf/2.8.1/adalib/libgnat.a(s-imgrea.o)
                0x0201530c                system__img_real__image_ordinary_fixed_point
                0x020159f8                system__img_real__set_image_real
                0x020153e0                system__img_real__image_floating_point
 .text          0x02015ed4      0x160 /usr/local/openravenscar/lib/gcc-lib/sparc-ork-elf/2.8.1/adalib/libgnat.a(s-imguns.o)
                0x02015ed4                system__img_uns__image_unsigned
                0x02015ff4                system__img_uns__set_image_unsigned
 .text          0x02016034       0x40 /usr/local/openravenscar/lib/gcc-lib/sparc-ork-elf/2.8.1/adalib/libgnat.a(s-mastop.o)
                0x0201604c                system__machine_state_operations__get_code_loc
                0x02016034                system__machine_state_operations__allocate_machine_state
                0x0201606c                system__machine_state_operations__set_signal_machine_state
                0x02016044                system__machine_state_operations__free_machine_state
                0x02016054                system__machine_state_operations__machine_state_length
                0x0201603c                system__machine_state_operations__enter_handler
                0x02016064                system__machine_state_operations__set_machine_state
                0x0201605c                system__machine_state_operations__pop_frame
 .text          0x02016074       0x50 /usr/local/openravenscar/lib/gcc-lib/sparc-ork-elf/2.8.1/adalib/libgnat.a(s-parame.o)
                0x0201607c                system__parameters__minimum_stack_size
                0x02016084                system__parameters__adjust_storage_size
                0x02016074                system__parameters__default_stack_size
 .text          0x020160c4      0x314 /usr/local/openravenscar/lib/gcc-lib/sparc-ork-elf/2.8.1/adalib/libgnat.a(s-secsta.o)
                0x020163d0                system__secondary_stack___init_proc__2
                0x02016374                system__secondary_stack___elabb
                0x020160c4                system__secondary_stack__ss_allocate
                0x020162b8                system__secondary_stack__ss_free
                0x02016354                system__secondary_stack__ss_release
                0x02016334                system__secondary_stack__ss_mark
                0x020163bc                system__secondary_stack___init_proc
                0x02016254                system__secondary_stack__ss_init
 .text          0x020163d8      0x1fc /usr/local/openravenscar/lib/gcc-lib/sparc-ork-elf/2.8.1/adalib/libgnat.a(s-sopco3.o)
                0x020163d8                system__string_ops_concat_3__str_concat_3
 .text          0x020165d4      0x1e4 /usr/local/openravenscar/lib/gcc-lib/sparc-ork-elf/2.8.1/adalib/libgnat.a(s-stache.o)
                0x020165d4                system__stack_checking___elabs
                0x020165ec                _gnat_stack_check
                0x02016770                system__stack_checking__set_stack_size
                0x020167a8                system__stack_checking___init_proc
                0x02016678                system__stack_checking__invalidate_stack_cache
                0x02016798                system__stack_checking__update_stack_cache
 .text          0x020167b8       0x28 /usr/local/openravenscar/lib/gcc-lib/sparc-ork-elf/2.8.1/adalib/libgnat.a(s-stalib.o)
                0x020167b8                system__standard_library__abort_undefer_direct
                0x020167d4                system__standard_library___init_proc
 .text          0x020167e0       0x64 /usr/local/openravenscar/lib/gcc-lib/sparc-ork-elf/2.8.1/adalib/libgnat.a(s-stoele.o)
                0x02016800                system__storage_elements__Omod
                0x02016834                system__storage_elements__to_address
                0x020167e8                system__storage_elements__Oadd__2
                0x020167f0                system__storage_elements__Osubtract
                0x020167e0                system__storage_elements__Oadd
                0x0201683c                system__storage_elements__to_integer
                0x020167f8                system__storage_elements__Osubtract__2
 .text          0x02016844     0x102c /usr/local/openravenscar/lib/gcc-lib/sparc-ork-elf/2.8.1/adalib/libgnat.a(s-stratt.o)
                0x02016f5c                system__stream_attributes__i_si
                0x02017214                system__stream_attributes__w_ad
                0x0201694c                system__stream_attributes__i_b
                0x02017308                system__stream_attributes__w_c
                0x02016b24                system__stream_attributes__i_lf
                0x02016ed4                system__stream_attributes__i_sf
                0x02017790                system__stream_attributes__w_su
                0x020169b0                system__stream_attributes__i_c
                0x02016c54                system__stream_attributes__i_llf
                0x0201709c                system__stream_attributes__i_su
                0x02016da4                system__stream_attributes__i_llu
                0x0201768c                system__stream_attributes__w_sf
                0x02017114                system__stream_attributes__i_u
                0x0201782c                system__stream_attributes__w_wc
                0x02016844                system__stream_attributes__i_ad
                0x020177d4                system__stream_attributes__w_u
                0x02017634                system__stream_attributes__w_lu
                0x020172d4                system__stream_attributes__w_b
                0x0201753c                system__stream_attributes__w_lli
                0x02017038                system__stream_attributes__i_ssu
                0x02016bcc                system__stream_attributes__i_li
                0x02017728                system__stream_attributes__w_ssi
                0x020176e4                system__stream_attributes__w_si
                0x020173ec                system__stream_attributes__w_lf
                0x02016fd4                system__stream_attributes__i_ssi
                0x02016a14                system__stream_attributes__i_f
                0x02017468                system__stream_attributes__w_li
                0x02017284                system__stream_attributes__w_as
                0x02017394                system__stream_attributes__w_i
                0x02016a9c                system__stream_attributes__i_i
                0x02016cfc                system__stream_attributes__i_lli
                0x0201719c                system__stream_attributes__i_wc
                0x020174c0                system__stream_attributes__w_llf
                0x0201775c                system__stream_attributes__w_ssu
                0x020168bc                system__stream_attributes__i_as
                0x0201733c                system__stream_attributes__w_f
                0x020175b8                system__stream_attributes__w_llu
                0x02016e4c                system__stream_attributes__i_lu
 .text          0x02017870      0x5b8 /usr/local/openravenscar/lib/gcc-lib/sparc-ork-elf/2.8.1/adalib/libgnat.a(s-strops.o)
                0x02017c94                system__string_ops__str_equal
                0x02017b6c                system__string_ops__str_concat_sc
                0x02017da4                system__string_ops__str_normalize
                0x02017870                system__string_ops__str_concat
                0x02017a90                system__string_ops__str_concat_cs
                0x02017de4                system__string_ops__wide_str_normalize
                0x02017a30                system__string_ops__str_concat_cc
 .text          0x02017e28      0x298 /usr/local/openravenscar/lib/gcc-lib/sparc-ork-elf/2.8.1/adalib/libgnat.a(s-soflin.o)
                0x02017f8c                system__soft_links__set_jmpbuf_address_soft
                0x02017ef8                system__soft_links__get_stack_info_nt
                0x02018054                system__soft_links___elabb
                0x02017eec                system__soft_links__get_current_excep_nt
                0x02017ffc                system__soft_links__set_exc_stack_addr_soft
                0x02017e28                system__soft_links__abort_defer_nt
                0x02017e5c                system__soft_links__check_abort_status_nt
                0x02017ea4                system__soft_links__get_sec_stack_addr_nt
                0x02017e98                system__soft_links__set_jmpbuf_address_nt
                0x02017e7c                system__soft_links__task_lock_nt
                0x02018038                system__soft_links__set_machine_state_addr_soft
                0x02017e6c                system__soft_links__current_master_nt
                0x02017e30                system__soft_links__abort_handler_nt
                0x02017f28                system__soft_links__destroy_tsd
                0x02017fe0                system__soft_links__get_exc_stack_addr_soft
                0x02017e8c                system__soft_links__get_jmpbuf_address_nt
                0x02017e38                system__soft_links__abort_undefer_nt
                0x02017f04                system__soft_links__create_tsd
                0x02017ec8                system__soft_links__set_machine_state_addr_nt
                0x02017eb0                system__soft_links__set_sec_stack_addr_nt
                0x02017e40                system__soft_links__update_exception_nt
                0x02017ee0                system__soft_links__set_exc_stack_addr_nt
                0x02018094                system__soft_links___init_proc
                0x02017f70                system__soft_links__get_jmpbuf_address_soft
                0x02017e74                system__soft_links__enter_master_nt
                0x0201801c                system__soft_links__get_machine_state_addr_soft
                0x02017fc4                system__soft_links__set_sec_stack_addr_soft
                0x02017e84                system__soft_links__task_unlock_nt
                0x02017f4c                system__soft_links__get_gnat_exception
                0x02017fa8                system__soft_links__get_sec_stack_addr_soft
                0x02017e64                system__soft_links__complete_master_nt
                0x02017ebc                system__soft_links__get_machine_state_addr_nt
                0x02017ed4                system__soft_links__get_exc_stack_addr_nt
 .text          0x020180c0       0x68 /usr/local/openravenscar/lib/gcc-lib/sparc-ork-elf/2.8.1/adalib/libgnat.a(s-traceb.o)
                0x020180d4                system__traceback__get_code_loc
                0x020180fc                system__traceback__pop_frame
                0x020180e8                system__traceback__free_machine_state
                0x020180c0                system__traceback__allocate_machine_state
                0x02018114                system__traceback__set_machine_state
 .text          0x02018128       0xfc /usr/local/openravenscar/lib/gcc-lib/sparc-ork-elf/2.8.1/adalib/libgnat.a(a-argv.o)
                0x020181f0                fill_env
                0x02018194                env_count
                0x020181d0                len_env
                0x02018128                arg_count
                0x02018134                gnat_argval
                0x02018160                fill_arg
                0x02018140                len_arg
 .text          0x02018224      0x14c /usr/local/openravenscar/lib/gcc-lib/sparc-ork-elf/2.8.1/adalib/libgnat.a(a-cio.o)
                0x02018244                put_int
                0x02018260                get_char
                0x02018224                get_int
                0x02018350                put_char_stderr
                0x020182b0                put_char
 .text          0x02018370        0xc /usr/local/openravenscar/lib/gcc-lib/sparc-ork-elf/2.8.1/adalib/libgnat.a(a-exit.o)
                0x02018370                set_gnat_exit_status
 .text          0x0201837c      0x1f4 /usr/local/openravenscar/lib/gcc-lib/sparc-ork-elf/2.8.1/adalib/libgnat.a(a-raise.o)
                0x0201837c                _gnat_builtin_longjmp
                0x020183d4                __gnat_malloc
                0x0201848c                __gnat_free
                0x020183bc                __gnat_unhandled_terminate
                0x020184c8                __gnat_realloc
 .text          0x02018570      0x410 /usr/local/openravenscar/lib/gcc-lib/sparc-ork-elf/2.8.1/adalib/libgnat.a(a-init.o)
                0x02018764                __gnat_pop_frame
                0x02018978                __gnat_init_float
                0x02018570                __gnat_set_globals
                0x02018970                __gnat_get_code_loc
                0x020185c8                __gnat_initialize
                0x020188b4                __gnat_enter_handler
                0x02018968                __gnat_machine_state_length
                0x02018808                __gnat_set_machine_state
 .text          0x02018980        0x8 /usr/local/openravenscar/lib/gcc-lib/sparc-ork-elf/2.8.1/adalib/libgnat.a(a-final.o)
                0x02018980                __gnat_finalize
 .text          0x02018988      0xc1c /usr/local/openravenscar/lib/gcc-lib/sparc-ork-elf/2.8.1/adalib/libgnat.a(s-fatllf.o)
                0x02018a8c                system__fat_llf__fat_long_long_float__copy_sign
                0x02018cfc                system__fat_llf__fat_long_long_float__gradual_scaling
                0x020194d0                system__fat_llf__fat_long_long_float__unbiased_rounding
                0x02018d94                system__fat_llf__fat_long_long_float__exponent
                0x02018a58                system__fat_llf__fat_long_long_float__compose
                0x02018dc0                system__fat_llf__fat_long_long_float__floor
                0x02018988                system__fat_llf__fat_long_long_float__adjacent
                0x02018eec                system__fat_llf__fat_long_long_float__pred
                0x02018e2c                system__fat_llf__fat_long_long_float__fraction
                0x02018fac                system__fat_llf__fat_long_long_float__remainder
                0x020191f4                system__fat_llf__fat_long_long_float__scaling
                0x020189ec                system__fat_llf__fat_long_long_float__ceiling
                0x02018af0                system__fat_llf__fat_long_long_float__decompose
                0x0201931c                system__fat_llf__fat_long_long_float__succ
                0x02018e58                system__fat_llf__fat_long_long_float__leading_part
                0x0201915c                system__fat_llf__fat_long_long_float__rounding
                0x02018ed4                system__fat_llf__fat_long_long_float__model
                0x0201957c                system__fat_llf__fat_long_long_float__valid
                0x0201940c                system__fat_llf__fat_long_long_float__truncation
                0x02018ec0                system__fat_llf__fat_long_long_float__machine
 .text          0x020195a4      0x18c /usr/local/openravenscar/lib/gcc-lib/sparc-ork-elf/2.8.1/adalib/libgnat.a(s-imgllu.o)
                0x020195a4                system__img_llu__image_long_long_unsigned
                0x020196ec                system__img_llu__set_image_long_long_unsigned
 .text          0x02019730      0x894 /usr/local/openravenscar/lib/gcc-lib/sparc-ork-elf/2.8.1/adalib/libgnat.a(a-adaint.o)
                0x020198c0                get_object_suffix_ptr
                0x0201986c                Get_Default_Identifier_Character_Set
                0x02019854                Get_Maximum_File_Name_Length
                0x02019864                Get_File_Names_Case_Sensitive
                0x02019adc                file_time_name
                0x0201987c                Get_Pathsep_Char
                0x0201995c                open_read
                0x02019874                Get_Dirsep_Char
                0x02019b74                is_regular_file
                0x0201985c                Get_Switch_Character
                0x02019d28                locate_regular_file
                0x02019f78                to_canonical_file_list_next
                0x02019fa4                to_host_dir_spec
                0x02019b54                __gnat_file_exists
                0x02019a48                __gnat_mkdir
                0x02019f9c                to_canonical_path_spec
                0x02019bf4                is_writable_file
                0x02019a20                open_new_temp
                0x02019c28                portable_spawn
                0x02019f8c                to_canonical_dir_spec
                0x02019b14                get_env_value_ptr
                0x02019af8                file_time_fd
                0x02019ad4                readdir_is_thread_safe
                0x020199f8                open_new
                0x02019730                to_gm_time
                0x020197a4                Try_Lock
                0x02019f94                to_canonical_file_spec
                0x02019ce4                portable_wait
                0x02019f70                to_canonical_file_list_init
                0x02019fbc                convert_addresses
                0x020198f4                get_executable_suffix_ptr
                0x02019bb4                is_directory
                0x020199d0                open_append
                0x020199a8                open_create
                0x02019980                open_rw
                0x02019a60                file_length
                0x02019aa0                readdir_gnat
                0x02019fb4                adjust_os_resource_limits
                0x02019eb4                locate_exec
                0x02019ca4                portable_no_block_spawn
                0x02019d14                os_exit
                0x02019b48                Get_Libraries_From_Registry
                0x02019f84                to_canonical_file_list_free
                0x02019884                Get_Current_Dir
                0x02019fac                to_host_file_spec
                0x02019f28                locate_exec_on_path
                0x02019928                get_debuggable_suffix_ptr
 .text          0x02019fc4      0x294 /usr/local/openravenscar/sparc-ork-elf/lib/libm.a(s_atan.o)
                0x02019fc4                atan
 .text          0x0201a258       0xf0 /usr/local/openravenscar/sparc-ork-elf/lib/libm.a(s_cos.o)
                0x0201a258                cos
 .text          0x0201a348       0x2c /usr/local/openravenscar/sparc-ork-elf/lib/libm.a(s_fabs.o)
                0x0201a348                fabs
 .text          0x0201a374       0xf0 /usr/local/openravenscar/sparc-ork-elf/lib/libm.a(s_sin.o)
                0x0201a374                sin
 .text          0x0201a464       0x9c /usr/local/openravenscar/sparc-ork-elf/lib/libm.a(s_tan.o)
                0x0201a464                tan
 .text          0x0201a500      0x134 /usr/local/openravenscar/sparc-ork-elf/lib/libm.a(s_tanh.o)
                0x0201a500                tanh
 .text          0x0201a634       0xf8 /usr/local/openravenscar/sparc-ork-elf/lib/libm.a(w_acos.o)
                0x0201a634                acos
 .text          0x0201a72c       0xf8 /usr/local/openravenscar/sparc-ork-elf/lib/libm.a(w_asin.o)
                0x0201a72c                asin
 .text          0x0201a824      0x1c0 /usr/local/openravenscar/sparc-ork-elf/lib/libm.a(w_exp.o)
                0x0201a824                exp
 .text          0x0201a9e4      0x184 /usr/local/openravenscar/sparc-ork-elf/lib/libm.a(w_log.o)
                0x0201a9e4                log
 .text          0x0201ab68      0x60c /usr/local/openravenscar/sparc-ork-elf/lib/libm.a(w_pow.o)
                0x0201ab68                pow
 .text          0x0201b174      0x118 /usr/local/openravenscar/sparc-ork-elf/lib/libm.a(w_sqrt.o)
                0x0201b174                sqrt
 .text          0x0201b28c      0x3ac /usr/local/openravenscar/sparc-ork-elf/lib/libm.a(e_acos.o)
                0x0201b28c                __ieee754_acos
 .text          0x0201b638      0x340 /usr/local/openravenscar/sparc-ork-elf/lib/libm.a(e_asin.o)
                0x0201b638                __ieee754_asin
 .text          0x0201b978      0x2f0 /usr/local/openravenscar/sparc-ork-elf/lib/libm.a(e_exp.o)
                0x0201b978                __ieee754_exp
 .text          0x0201bc68      0x310 /usr/local/openravenscar/sparc-ork-elf/lib/libm.a(e_log.o)
                0x0201bc68                __ieee754_log
 .text          0x0201bf78      0x99c /usr/local/openravenscar/sparc-ork-elf/lib/libm.a(e_pow.o)
                0x0201bf78                __ieee754_pow
 .text          0x0201c914      0x3d8 /usr/local/openravenscar/sparc-ork-elf/lib/libm.a(e_rem_pio2.o)
                0x0201c914                __ieee754_rem_pio2
 .text          0x0201ccec      0x264 /usr/local/openravenscar/sparc-ork-elf/lib/libm.a(e_sqrt.o)
                0x0201ccec                __ieee754_sqrt
 .text          0x0201cf50      0x17c /usr/local/openravenscar/sparc-ork-elf/lib/libm.a(k_cos.o)
                0x0201cf50                __kernel_cos
 .text          0x0201d0cc      0x838 /usr/local/openravenscar/sparc-ork-elf/lib/libm.a(k_rem_pio2.o)
                0x0201d0cc                __kernel_rem_pio2
 .text          0x0201d904      0x11c /usr/local/openravenscar/sparc-ork-elf/lib/libm.a(k_sin.o)
                0x0201d904                __kernel_sin
 .text          0x0201da20      0x2b4 /usr/local/openravenscar/sparc-ork-elf/lib/libm.a(k_tan.o)
                0x0201da20                __kernel_tan
 .text          0x0201dcd4      0x40c /usr/local/openravenscar/sparc-ork-elf/lib/libm.a(s_expm1.o)
                0x0201dcd4                expm1
 .text          0x0201e0e0       0x18 /usr/local/openravenscar/sparc-ork-elf/lib/libm.a(s_finite.o)
                0x0201e0e0                finite
 .text          0x0201e0f8      0x1a0 /usr/local/openravenscar/sparc-ork-elf/lib/libm.a(s_floor.o)
                0x0201e0f8                floor
 .text          0x0201e298       0x28 /usr/local/openravenscar/sparc-ork-elf/lib/libm.a(s_isnan.o)
                0x0201e298                isnan
 .text          0x0201e2c0        0x8 /usr/local/openravenscar/sparc-ork-elf/lib/libm.a(s_matherr.o)
                0x0201e2c0                matherr
 .text          0x0201e2c8      0x1c8 /usr/local/openravenscar/sparc-ork-elf/lib/libm.a(s_rint.o)
                0x0201e2c8                rint
 .text          0x0201e490      0x1d8 /usr/local/openravenscar/sparc-ork-elf/lib/libm.a(s_scalbn.o)
                0x0201e490                scalbn
 .text          0x0201e668       0x40 /usr/local/openravenscar/sparc-ork-elf/lib/libm.a(s_copysign.o)
                0x0201e668                copysign
 .text          0x0201e6a8        0x8 /usr/local/openravenscar/lib/gcc-lib/sparc-ork-elf/2.8.1/libgcc.a(__dummy.o)
                0x0201e6a8                __dummy
 .text          0x0201e6b0       0x48 /usr/local/openravenscar/lib/gcc-lib/sparc-ork-elf/2.8.1/libgcc.a(_ashldi3.o)
                0x0201e6b0                __ashldi3
 .text          0x0201e6f8       0x38 /usr/local/openravenscar/lib/gcc-lib/sparc-ork-elf/2.8.1/libgcc.a(_cmpdi2.o)
                0x0201e6f8                __cmpdi2
 .text          0x0201e730      0x3c0 /usr/local/openravenscar/lib/gcc-lib/sparc-ork-elf/2.8.1/libgcc.a(_divdi3.o)
                0x0201e730                __divdi3
 .text          0x0201eaf0      0x1f4 /usr/local/openravenscar/lib/gcc-lib/sparc-ork-elf/2.8.1/libgcc.a(_divsi3.o)
                0x0201eaf0                udiv
                0x0201eafc                div
 .text          0x0201ece4       0x58 /usr/local/openravenscar/lib/gcc-lib/sparc-ork-elf/2.8.1/libgcc.a(_fixsfdi.o)
                0x0201ece4                __fixsfdi
 .text          0x0201ed3c      0x1c0 /usr/local/openravenscar/lib/gcc-lib/sparc-ork-elf/2.8.1/libgcc.a(_fixunsdfdi.o)
                0x0201ed3c                __fixunsdfdi
 .text          0x0201eefc      0x1c8 /usr/local/openravenscar/lib/gcc-lib/sparc-ork-elf/2.8.1/libgcc.a(_fixunssfdi.o)
                0x0201eefc                __fixunssfdi
 .text          0x0201f0c4       0x54 /usr/local/openravenscar/lib/gcc-lib/sparc-ork-elf/2.8.1/libgcc.a(_floatdidf.o)
                0x0201f0c4                __floatdidf
 .text          0x0201f118       0xa8 /usr/local/openravenscar/lib/gcc-lib/sparc-ork-elf/2.8.1/libgcc.a(_floatdisf.o)
                0x0201f118                __floatdisf
 .text          0x0201f1c0       0x48 /usr/local/openravenscar/lib/gcc-lib/sparc-ork-elf/2.8.1/libgcc.a(_lshrdi3.o)
                0x0201f1c0                __lshrdi3
 .text          0x0201f208      0x1f4 /usr/local/openravenscar/lib/gcc-lib/sparc-ork-elf/2.8.1/libgcc.a(_modsi3.o)
                0x0201f208                urem
                0x0201f214                rem
 .text          0x0201f3fc       0xe0 /usr/local/openravenscar/lib/gcc-lib/sparc-ork-elf/2.8.1/libgcc.a(_muldi3.o)
                0x0201f3fc                __muldi3
 .text          0x0201f4dc       0xe8 /usr/local/openravenscar/lib/gcc-lib/sparc-ork-elf/2.8.1/libgcc.a(_mulsi3.o)
                0x0201f4dc                umul
 .text          0x0201f5c4      0x340 /usr/local/openravenscar/lib/gcc-lib/sparc-ork-elf/2.8.1/libgcc.a(_udivdi3.o)
                0x0201f5c4                __udivdi3
 .text          0x0201f904      0x39c /usr/local/openravenscar/lib/gcc-lib/sparc-ork-elf/2.8.1/libgcc.a(_umoddi3.o)
                0x0201f904                __umoddi3
 .text          0x0201fca0      0xa48 /usr/local/openravenscar/lib/gcc-lib/sparc-ork-elf/2.8.1/libgcc.a(frame.o)
                0x020205c4                __frame_state_for
                0x0202055c                __deregister_frame_info
                0x02020534                __register_frame_info_table
                0x0202050c                __register_frame_info
 .text          0x020206e8       0x20 /usr/local/openravenscar/sparc-ork-elf/lib/libc.a(abort.o)
                0x020206e8                abort
 .text          0x02020708       0x1c /usr/local/openravenscar/sparc-ork-elf/lib/libc.a(atoi.o)
                0x02020708                atoi
 .text          0x02020724        0xc /usr/local/openravenscar/sparc-ork-elf/lib/libc.a(errno.o)
                0x02020724                __errno
 .text          0x02020730       0x8c /usr/local/openravenscar/sparc-ork-elf/lib/libc.a(exit.o)
                0x02020730                exit
 .text          0x020207bc       0x90 /usr/local/openravenscar/sparc-ork-elf/lib/libc.a(fputc.o)
                0x020207bc                fputc
 .text          0x0202084c       0x40 /usr/local/openravenscar/sparc-ork-elf/lib/libc.a(getenv.o)
                0x0202086c                getenv
                0x0202084c                _findenv
 .text          0x0202088c      0x100 /usr/local/openravenscar/sparc-ork-elf/lib/libc.a(getenv_r.o)
                0x0202088c                _findenv_r
                0x02020970                _getenv_r
 .text          0x0202098c       0x1c /usr/local/openravenscar/sparc-ork-elf/lib/libc.a(gmtime.o)
                0x0202098c                gmtime
 .text          0x020209a8       0x20 /usr/local/openravenscar/sparc-ork-elf/lib/libc.a(lcltime.o)
                0x020209a8                localtime
 .text          0x020209c8      0x21c /usr/local/openravenscar/sparc-ork-elf/lib/libc.a(lcltime_r.o)
                0x020209c8                localtime_r
 .text          0x02020be4       0x38 /usr/local/openravenscar/sparc-ork-elf/lib/libc.a(malloc.o)
                0x02020be4                malloc
                0x02020c00                free
 .text          0x02020c1c      0x774 /usr/local/openravenscar/sparc-ork-elf/lib/libc.a(mallocr.o)
                0x02020de8                _malloc_r
 .text          0x02021390       0x80 /usr/local/openravenscar/sparc-ork-elf/lib/libc.a(memcmp.o)
                0x02021390                memcmp
 .text          0x02021410       0xc4 /usr/local/openravenscar/sparc-ork-elf/lib/libc.a(memcpy.o)
                0x02021410                memcpy
 .text          0x020214d4       0xa4 /usr/local/openravenscar/sparc-ork-elf/lib/libc.a(memset.o)
                0x020214d4                memset
 .text          0x02021578       0x10 /usr/local/openravenscar/sparc-ork-elf/lib/libc.a(mlock.o)
                0x02021580                __malloc_unlock
                0x02021578                __malloc_lock
 .text          0x02021588       0x70 /usr/local/openravenscar/sparc-ork-elf/lib/libc.a(printf.o)
                0x020215b8                printf
                0x02021588                _printf_r
 .text          0x020215f8       0x20 /usr/local/openravenscar/sparc-ork-elf/lib/libc.a(realloc.o)
                0x020215f8                realloc
 .text          0x02021618      0x50c /usr/local/openravenscar/sparc-ork-elf/lib/libc.a(reallocr.o)
                0x02021618                _realloc_r
 .text          0x02021b24       0x40 /usr/local/openravenscar/sparc-ork-elf/lib/libc.a(rget.o)
                0x02021b24                __srget
 .text          0x02021b64       0x34 /usr/local/openravenscar/sparc-ork-elf/lib/libc.a(sbrkr.o)
                0x02021b64                _sbrk_r
 .text          0x02021b98       0x64 /usr/local/openravenscar/sparc-ork-elf/lib/libc.a(scanf.o)
                0x02021bd0                _scanf_r
                0x02021b98                scanf
 .text          0x02021bfc      0x24c /usr/local/openravenscar/sparc-ork-elf/lib/libc.a(signal.o)
                0x02021c58                _signal_r
                0x02021cb4                _raise_r
                0x02021d50                __sigtramp_r
                0x02021df4                signal
                0x02021e14                _init_signal
                0x02021bfc                _init_signal_r
                0x02021e2c                __sigtramp
                0x02021dd8                raise
 .text          0x02021e48       0x4c /usr/local/openravenscar/sparc-ork-elf/lib/libc.a(signalr.o)
                0x02021e48                _kill_r
                0x02021e80                _getpid_r
 .text          0x02021e94       0xb4 /usr/local/openravenscar/sparc-ork-elf/lib/libc.a(sprintf.o)
                0x02021e94                _sprintf_r
                0x02021ee8                sprintf
 .text          0x02021f48       0x8c /usr/local/openravenscar/sparc-ork-elf/lib/libc.a(strcat.o)
                0x02021f48                strcat
 .text          0x02021fd4       0xb8 /usr/local/openravenscar/sparc-ork-elf/lib/libc.a(strcmp.o)
                0x02021fd4                strcmp
 .text          0x0202208c       0x8c /usr/local/openravenscar/sparc-ork-elf/lib/libc.a(strcpy.o)
                0x0202208c                strcpy
 .text          0x02022118       0x78 /usr/local/openravenscar/sparc-ork-elf/lib/libc.a(strlen.o)
                0x02022118                strlen
 .text          0x02022190       0xcc /usr/local/openravenscar/sparc-ork-elf/lib/libc.a(strncmp.o)
                0x02022190                strncmp
 .text          0x0202225c       0xd4 /usr/local/openravenscar/sparc-ork-elf/lib/libc.a(strncpy.o)
                0x0202225c                strncpy
 .text          0x02022330       0x68 /usr/local/openravenscar/sparc-ork-elf/lib/libc.a(strstr.o)
                0x02022330                strstr
 .text          0x02022398      0x1f8 /usr/local/openravenscar/sparc-ork-elf/lib/libc.a(strtol.o)
                0x0202256c                strtol
                0x02022398                _strtol_r
 .text          0x02022590     0x19c4 /usr/local/openravenscar/sparc-ork-elf/lib/libc.a(vfprintf.o)
                0x02022694                _vfprintf_r
                0x02022674                vfprintf
 .text          0x02023f54      0xf30 /usr/local/openravenscar/sparc-ork-elf/lib/libc.a(vfscanf.o)
                0x02023f54                __svfscanf
                0x02024da4                __sccl
 .text          0x02024e84      0x10c /usr/local/openravenscar/sparc-ork-elf/lib/libc.a(wbuf.o)
                0x02024e84                __swbuf
 .text          0x02024f90      0x10c /usr/local/openravenscar/sparc-ork-elf/lib/libc.a(wsetup.o)
                0x02024f90                __swsetup
 .text          0x0202509c       0x18 /usr/local/openravenscar/sparc-ork-elf/lib/libc.a(atof.o)
                0x0202509c                atof
 .text          0x020250b4     0x1250 /usr/local/openravenscar/sparc-ork-elf/lib/libc.a(dtoa.o)
                0x020252a0                _dtoa_r
 .text          0x02026304       0x10 /usr/local/openravenscar/sparc-ork-elf/lib/libc.a(envlock.o)
                0x0202630c                __env_unlock
                0x02026304                __env_lock
 .text          0x02026314       0xf0 /usr/local/openravenscar/sparc-ork-elf/lib/libc.a(fflush.o)
                0x02026314                fflush
 .text          0x02026404      0x228 /usr/local/openravenscar/sparc-ork-elf/lib/libc.a(findfp.o)
                0x020265bc                __sinit
                0x02026460                __sfmoreglue
                0x020265a4                _cleanup
                0x02026588                _cleanup_r
                0x020264b8                __sfp
 .text          0x0202662c       0xcc /usr/local/openravenscar/sparc-ork-elf/lib/libc.a(fread.o)
                0x0202662c                fread
 .text          0x020266f8      0x3c0 /usr/local/openravenscar/sparc-ork-elf/lib/libc.a(freer.o)
                0x020266f8                _free_r
                0x02026994                _malloc_trim_r
 .text          0x02026ab8      0x380 /usr/local/openravenscar/sparc-ork-elf/lib/libc.a(fvwrite.o)
                0x02026ab8                __sfvwrite
 .text          0x02026e38       0x60 /usr/local/openravenscar/sparc-ork-elf/lib/libc.a(fwalk.o)
                0x02026e38                _fwalk
 .text          0x02026e98       0xa4 /usr/local/openravenscar/sparc-ork-elf/lib/libc.a(locale.o)
                0x02026e98                _setlocale_r
                0x02026ef8                _localeconv_r
                0x02026f04                setlocale
                0x02026f24                localeconv
 .text          0x02026f3c      0x144 /usr/local/openravenscar/sparc-ork-elf/lib/libc.a(makebuf.o)
                0x02026f3c                __smakebuf
 .text          0x02027080       0x58 /usr/local/openravenscar/sparc-ork-elf/lib/libc.a(mbtowc_r.o)
                0x02027080                _mbtowc_r
 .text          0x020270d8       0xd4 /usr/local/openravenscar/sparc-ork-elf/lib/libc.a(memchr.o)
                0x020270d8                memchr
 .text          0x020271ac      0x110 /usr/local/openravenscar/sparc-ork-elf/lib/libc.a(memmove.o)
                0x020271ac                memmove
 .text          0x020272bc      0xd14 /usr/local/openravenscar/sparc-ork-elf/lib/libc.a(mprec.o)
                0x02027f84                _mprec_log10
                0x02027530                _hi0bits
                0x020272bc                _Balloc
                0x02027dc0                _d2b
                0x020276a0                _multiply
                0x02027ef4                _ratio
                0x02027470                _s2b
                0x0202767c                _i2b
                0x020275b0                _lo0bits
                0x02027a70                __mcmp
                0x0202788c                _pow5mult
                0x02027c34                _ulp
                0x02027cc0                _b2d
                0x0202738c                _multadd
                0x02027ad8                __mdiff
                0x02027974                _lshift
                0x02027354                _Bfree
 .text          0x02027fd0      0x19c /usr/local/openravenscar/sparc-ork-elf/lib/libc.a(refill.o)
                0x02027fe4                __srefill
 .text          0x0202816c       0x38 /usr/local/openravenscar/sparc-ork-elf/lib/libc.a(s_isinf.o)
                0x0202816c                isinf
 .text          0x020281a4      0x104 /usr/local/openravenscar/sparc-ork-elf/lib/libc.a(stdio.o)
                0x02028240                __sseek
                0x020281a4                __sread
                0x02028290                __sclose
                0x020281f0                __swrite
 .text          0x020282a8      0xedc /usr/local/openravenscar/sparc-ork-elf/lib/libc.a(strtod.o)
                0x020282a8                _strtod_r
                0x02029168                strtodf
                0x02029148                strtod
 .text          0x02029184      0x1d8 /usr/local/openravenscar/sparc-ork-elf/lib/libc.a(strtoul.o)
                0x02029338                strtoul
                0x02029184                _strtoul_r
 .text          0x0202935c      0x228 /usr/local/openravenscar/sparc-ork-elf/lib/libc.a(ungetc.o)
                0x0202940c                ungetc
                0x0202935c                __submore
 .text          0x02029584       0x3c /usr/local/openravenscar/sparc-ork-elf/lib/libc.a(writer.o)
                0x02029584                _write_r
 .text          0x020295c0       0xa8 /usr/local/openravenscar/sparc-ork-elf/lib/libc.a(callocr.o)
                0x020295c0                _calloc_r
 .text          0x02029668       0x34 /usr/local/openravenscar/sparc-ork-elf/lib/libc.a(closer.o)
                0x02029668                _close_r
 .text          0x0202969c       0x38 /usr/local/openravenscar/sparc-ork-elf/lib/libc.a(fstatr.o)
                0x0202969c                _fstat_r
 .text          0x020296d4       0x3c /usr/local/openravenscar/sparc-ork-elf/lib/libc.a(lseekr.o)
                0x020296d4                _lseek_r
 .text          0x02029710       0x3c /usr/local/openravenscar/sparc-ork-elf/lib/libc.a(readr.o)
                0x02029710                _read_r
 .text          0x0202974c      0x134 /usr/local/openravenscar/sparc-ork-elf/lib/libork.a(ada_exceptions.o)
                0x0202974c                Instruction_Access_Exception
                0x02029828                Division_By_Zero
                0x020297fc                Stack_Overflow
                0x02029778                Illegal_Instruction
                0x02029854                Integer_Overflow
                0x020297d0                FP_Exception
                0x020297a4                Address_Not_Aligned
 .text          0x02029880       0x1c /usr/local/openravenscar/sparc-ork-elf/lib/libork.a(close.o)
                0x02029880                close
 .text          0x0202989c       0x30 /usr/local/openravenscar/sparc-ork-elf/lib/libork.a(execv.o)
                0x0202989c                execv
 .text          0x020298cc       0x28 /usr/local/openravenscar/sparc-ork-elf/lib/libork.a(fork.o)
                0x020298cc                fork
 .text          0x020298f4       0x30 /usr/local/openravenscar/sparc-ork-elf/lib/libork.a(fstat.o)
                0x020298f4                fstat
 .text          0x02029924       0x30 /usr/local/openravenscar/sparc-ork-elf/lib/libork.a(getcwd.o)
                0x02029924                getcwd
 .text          0x02029954       0x30 /usr/local/openravenscar/sparc-ork-elf/lib/libork.a(getpid.o)
                0x02029954                getpid
                0x0202996c                getppid
 .text          0x02029984       0x84 /usr/local/openravenscar/sparc-ork-elf/lib/libork.a(isatty.o)
                0x02029984                isatty
 .text          0x02029a08       0x3c /usr/local/openravenscar/sparc-ork-elf/lib/libork.a(kill.o)
                0x02029a08                kill
 .text          0x02029a44       0x30 /usr/local/openravenscar/sparc-ork-elf/lib/libork.a(link.o)
                0x02029a44                link
 .text          0x02029a74       0x34 /usr/local/openravenscar/sparc-ork-elf/lib/libork.a(lseek.o)
                0x02029a74                lseek
 .text          0x02029aa8       0x34 /usr/local/openravenscar/sparc-ork-elf/lib/libork.a(open.o)
                0x02029aa8                open
 .text          0x02029adc      0x148 /usr/local/openravenscar/sparc-ork-elf/lib/libork.a(read.o)
                0x02029adc                read
 .text          0x02029c24       0x34 /usr/local/openravenscar/sparc-ork-elf/lib/libork.a(readdir.o)
                0x02029c24                readdir
 .text          0x02029c58       0x20 /usr/local/openravenscar/sparc-ork-elf/lib/libork.a(mkdir.o)
                0x02029c58                mkdir
 .text          0x02029c78       0xb0 /usr/local/openravenscar/sparc-ork-elf/lib/libork.a(sbrk.o)
                0x02029c78                sbrk
 .text          0x02029d28       0x30 /usr/local/openravenscar/sparc-ork-elf/lib/libork.a(stat.o)
                0x02029d28                stat
 .text          0x02029d58       0x2c /usr/local/openravenscar/sparc-ork-elf/lib/libork.a(unlink.o)
                0x02029d58                unlink
 .text          0x02029d84       0x2c /usr/local/openravenscar/sparc-ork-elf/lib/libork.a(wait.o)
                0x02029d84                wait
 .text          0x02029db0       0xec /usr/local/openravenscar/sparc-ork-elf/lib/libork.a(write.o)
                0x02029db0                write
 *fill*         0x02029e9c        0x4
                0x02029ea0                .=ALIGN(0x10)
 *(.eh_frame)
 .eh_frame      0x02029ea0      0x11c /usr/local/openravenscar/lib/gcc-lib/sparc-ork-elf/2.8.1/adalib/libgnat.a(a-init.o)
 .eh_frame      0x02029fbc       0x24 /usr/local/openravenscar/lib/gcc-lib/sparc-ork-elf/2.8.1/libgcc.a(__dummy.o)
 .eh_frame      0x02029fe0       0x24 /usr/local/openravenscar/lib/gcc-lib/sparc-ork-elf/2.8.1/libgcc.a(_ashldi3.o)
 .eh_frame      0x0202a004       0x24 /usr/local/openravenscar/lib/gcc-lib/sparc-ork-elf/2.8.1/libgcc.a(_cmpdi2.o)
 .eh_frame      0x0202a028       0x2c /usr/local/openravenscar/lib/gcc-lib/sparc-ork-elf/2.8.1/libgcc.a(_divdi3.o)
 .eh_frame      0x0202a054       0x2c /usr/local/openravenscar/lib/gcc-lib/sparc-ork-elf/2.8.1/libgcc.a(_fixsfdi.o)
 .eh_frame      0x0202a080       0x2c /usr/local/openravenscar/lib/gcc-lib/sparc-ork-elf/2.8.1/libgcc.a(_fixunsdfdi.o)
 .eh_frame      0x0202a0ac       0x2c /usr/local/openravenscar/lib/gcc-lib/sparc-ork-elf/2.8.1/libgcc.a(_fixunssfdi.o)
 .eh_frame      0x0202a0d8       0x28 /usr/local/openravenscar/lib/gcc-lib/sparc-ork-elf/2.8.1/libgcc.a(_floatdidf.o)
 .eh_frame      0x0202a100       0x28 /usr/local/openravenscar/lib/gcc-lib/sparc-ork-elf/2.8.1/libgcc.a(_floatdisf.o)
 .eh_frame      0x0202a128       0x24 /usr/local/openravenscar/lib/gcc-lib/sparc-ork-elf/2.8.1/libgcc.a(_lshrdi3.o)
 .eh_frame      0x0202a14c       0x2c /usr/local/openravenscar/lib/gcc-lib/sparc-ork-elf/2.8.1/libgcc.a(_muldi3.o)
 .eh_frame      0x0202a178       0x2c /usr/local/openravenscar/lib/gcc-lib/sparc-ork-elf/2.8.1/libgcc.a(_udivdi3.o)
 .eh_frame      0x0202a1a4       0x2c /usr/local/openravenscar/lib/gcc-lib/sparc-ork-elf/2.8.1/libgcc.a(_umoddi3.o)
 .eh_frame      0x0202a1d0      0x11c /usr/local/openravenscar/lib/gcc-lib/sparc-ork-elf/2.8.1/libgcc.a(frame.o)
 *fill*         0x0202a2ec        0x4
                0x0202a2f0                .=ALIGN(0x10)
 *(.rodata)
 .rodata        0x0202a2f0      0xb04 ./devices.o
 *fill*         0x0202adf4        0x4
 .rodata        0x0202adf8       0x4c ./workload.o
 *fill*         0x0202ae44        0x4
 .rodata        0x0202ae48       0x52 ./tools.o
 *fill*         0x0202ae9a        0x6
 .rodata        0x0202aea0       0x4e ./add.o
 *fill*         0x0202aeee        0x2
 .rodata        0x0202aef0        0x8 /usr/local/openravenscar/lib/gcc-lib/sparc-ork-elf/2.8.1/adalib/libgnarl.a(a-reatim.o)
 .rodata        0x0202aef8        0x8 /usr/local/openravenscar/lib/gcc-lib/sparc-ork-elf/2.8.1/adalib/libgnarl.a(a-retide.o)
 .rodata        0x0202af00       0x24 /usr/local/openravenscar/lib/gcc-lib/sparc-ork-elf/2.8.1/adalib/libgnarl.a(s-taprob.o)
 *fill*         0x0202af24        0x4
 .rodata        0x0202af28       0xd0 /usr/local/openravenscar/lib/gcc-lib/sparc-ork-elf/2.8.1/adalib/libgnarl.a(s-taprop.o)
 .rodata        0x0202aff8       0x50 /usr/local/openravenscar/lib/gcc-lib/sparc-ork-elf/2.8.1/adalib/libgnarl.a(s-tarest.o)
 .rodata        0x0202b048      0x14a /usr/local/openravenscar/lib/gcc-lib/sparc-ork-elf/2.8.1/adalib/libgnarl.a(s-tasdeb.o)
 *fill*         0x0202b192        0x2
 .rodata        0x0202b194      0x300 /usr/local/openravenscar/lib/gcc-lib/sparc-ork-elf/2.8.1/adalib/libgnarl.a(s-taskin.o)
 .rodata        0x0202b494        0x8 /usr/local/openravenscar/lib/gcc-lib/sparc-ork-elf/2.8.1/adalib/libgnarl.a(kernel-interrupts.o)
 .rodata        0x0202b49c        0x4 /usr/local/openravenscar/lib/gcc-lib/sparc-ork-elf/2.8.1/adalib/libgnarl.a(kernel-threads-queues.o)
 .rodata        0x0202b4a0       0x7c /usr/local/openravenscar/lib/gcc-lib/sparc-ork-elf/2.8.1/adalib/libgnarl.a(kernel-peripherals.o)
 *fill*         0x0202b51c        0x4
 .rodata        0x0202b520      0x184 /usr/local/openravenscar/lib/gcc-lib/sparc-ork-elf/2.8.1/adalib/libgnat.a(a-except.o)
 *fill*         0x0202b6a4        0x4
 .rodata        0x0202b6a8        0xd /usr/local/openravenscar/lib/gcc-lib/sparc-ork-elf/2.8.1/adalib/libgnat.a(a-finali.o)
 *fill*         0x0202b6b5        0x3
 .rodata        0x0202b6b8      0x82c /usr/local/openravenscar/lib/gcc-lib/sparc-ork-elf/2.8.1/adalib/libgnat.a(a-nuelfu.o)
 *fill*         0x0202bee4        0x4
 .rodata        0x0202bee8       0x42 /usr/local/openravenscar/lib/gcc-lib/sparc-ork-elf/2.8.1/adalib/libgnat.a(a-tags.o)
 *fill*         0x0202bf2a        0x6
 .rodata        0x0202bf30        0xd /usr/local/openravenscar/lib/gcc-lib/sparc-ork-elf/2.8.1/adalib/libgnat.a(g-except.o)
 *fill*         0x0202bf3d        0x3
 .rodata        0x0202bf40       0xab /usr/local/openravenscar/lib/gcc-lib/sparc-ork-elf/2.8.1/adalib/libgnat.a(i-c.o)
 *fill*         0x0202bfeb        0x5
 .rodata        0x0202bff0       0x24 /usr/local/openravenscar/lib/gcc-lib/sparc-ork-elf/2.8.1/adalib/libgnat.a(s-arit64.o)
 *fill*         0x0202c014        0x4
 .rodata        0x0202c018        0x5 /usr/local/openravenscar/lib/gcc-lib/sparc-ork-elf/2.8.1/adalib/libgnat.a(s-exctab.o)
 *fill*         0x0202c01d        0x3
 .rodata        0x0202c020       0x40 /usr/local/openravenscar/lib/gcc-lib/sparc-ork-elf/2.8.1/adalib/libgnat.a(s-exnflt.o)
 .rodata        0x0202c060       0xd0 /usr/local/openravenscar/lib/gcc-lib/sparc-ork-elf/2.8.1/adalib/libgnat.a(s-fatflt.o)
                0x0202c098                system__fat_flt__fat_float__r_neg_power
                0x0202c060                system__fat_flt__fat_float__log_power
                0x0202c07c                system__fat_flt__fat_float__r_power
 .rodata        0x0202c130       0x68 /usr/local/openravenscar/lib/gcc-lib/sparc-ork-elf/2.8.1/adalib/libgnat.a(s-finimp.o)
 .rodata        0x0202c198       0x47 /usr/local/openravenscar/lib/gcc-lib/sparc-ork-elf/2.8.1/adalib/libgnat.a(s-finroo.o)
 *fill*         0x0202c1df        0x1
 .rodata        0x0202c1e0        0x8 /usr/local/openravenscar/lib/gcc-lib/sparc-ork-elf/2.8.1/adalib/libgnat.a(s-imgint.o)
 .rodata        0x0202c1e8       0x58 /usr/local/openravenscar/lib/gcc-lib/sparc-ork-elf/2.8.1/adalib/libgnat.a(s-imgrea.o)
 .rodata        0x0202c240        0x8 /usr/local/openravenscar/lib/gcc-lib/sparc-ork-elf/2.8.1/adalib/libgnat.a(s-imguns.o)
 .rodata        0x0202c248       0xb8 /usr/local/openravenscar/lib/gcc-lib/sparc-ork-elf/2.8.1/adalib/libgnat.a(s-powtab.o)
                0x0202c248                system__powten_table__powten
 .rodata        0x0202c300       0x50 /usr/local/openravenscar/lib/gcc-lib/sparc-ork-elf/2.8.1/adalib/libgnat.a(s-stache.o)
 .rodata        0x0202c350       0x70 /usr/local/openravenscar/lib/gcc-lib/sparc-ork-elf/2.8.1/adalib/libgnat.a(s-stalib.o)
                0x0202c350                system__standard_library__constraint_error_name
 .rodata        0x0202c3c0      0x158 /usr/local/openravenscar/lib/gcc-lib/sparc-ork-elf/2.8.1/adalib/libgnat.a(s-stratt.o)
 .rodata        0x0202c518        0xb /usr/local/openravenscar/lib/gcc-lib/sparc-ork-elf/2.8.1/adalib/libgnat.a(a-cio.o)
 *fill*         0x0202c523        0x5